Component: ARM Compiler 5.06 update 7 (build 960) Tool: armlink [4d3601]

==============================================================================

Section Cross References

    main.o(i.main) refers to oled.o(i.OLED_Init) for OLED_Init
    main.o(i.main) refers to solid.o(i.InitADC1_15) for InitADC1_15
    main.o(i.main) refers to mlx90614.o(i.SMBus_Init) for SMBus_Init
    main.o(i.main) refers to usart.o(i.Usart1_Init) for Usart1_Init
    main.o(i.main) refers to stm32f10x_adc.o(i.ADC_RegularChannelConfig) for ADC_RegularChannelConfig
    main.o(i.main) refers to stm32f10x_adc.o(i.ADC_SoftwareStartConvCmd) for ADC_SoftwareStartConvCmd
    main.o(i.main) refers to stm32f10x_adc.o(i.ADC_GetFlagStatus) for ADC_GetFlagStatus
    main.o(i.main) refers to stm32f10x_adc.o(i.ADC_GetConversionValue) for ADC_GetConversionValue
    main.o(i.main) refers to ffltui.o(.text) for __aeabi_ui2f
    main.o(i.main) refers to f2d.o(.text) for __aeabi_f2d
    main.o(i.main) refers to dmul.o(.text) for __aeabi_dmul
    main.o(i.main) refers to d2f.o(.text) for __aeabi_d2f
    main.o(i.main) refers to fmul.o(.text) for __aeabi_fmul
    main.o(i.main) refers to ffixui.o(.text) for __aeabi_f2uiz
    main.o(i.main) refers to dfltui.o(.text) for __aeabi_ui2d
    main.o(i.main) refers to dadd.o(.text) for __aeabi_dadd
    main.o(i.main) refers to ddiv.o(.text) for __aeabi_ddiv
    main.o(i.main) refers to pow.o(i.pow) for pow
    main.o(i.main) refers to printfa.o(i.__0printf) for __2printf
    main.o(i.main) refers to printfa.o(i.__0sprintf) for __2sprintf
    main.o(i.main) refers to oled.o(i.OLED_ShowString) for OLED_ShowString
    main.o(i.main) refers to solid.o(i.Dta_time) for Dta_time
    main.o(i.main) refers to cdrcmple.o(.text) for __aeabi_cdrcmple
    main.o(i.main) refers to beep.o(i.tip_warnings_init) for tip_warnings_init
    main.o(i.main) refers to oled.o(i.OLED_ShowPicture) for OLED_ShowPicture
    main.o(i.main) refers to mator.o(i.Reset_Mator) for Reset_Mator
    main.o(i.main) refers to mlx90614.o(i.SMBus_ReadTemp) for SMBus_ReadTemp
    main.o(i.main) refers to cfrcmple.o(.text) for __aeabi_cfrcmple
    main.o(i.main) refers to mator.o(i.Set_Mator) for Set_Mator
    main.o(i.main) refers to stm32f10x_gpio.o(i.GPIO_ResetBits) for GPIO_ResetBits
    main.o(i.main) refers to stm32f10x_gpio.o(i.GPIO_ReadInputDataBit) for GPIO_ReadInputDataBit
    main.o(i.main) refers to bmp.o(.data) for Solid_warning
    main.o(i.main) refers to bmp.o(.bss) for None
    system_stm32f10x_1.o(i.SetSysClock) refers to system_stm32f10x_1.o(i.SetSysClockTo72) for SetSysClockTo72
    system_stm32f10x_1.o(i.SystemCoreClockUpdate) refers to system_stm32f10x_1.o(.data) for SystemCoreClock
    system_stm32f10x_1.o(i.SystemInit) refers to system_stm32f10x_1.o(i.SetSysClock) for SetSysClock
    stm32f10x_adc.o(i.ADC_DeInit) refers to stm32f10x_rcc.o(i.RCC_APB2PeriphResetCmd) for RCC_APB2PeriphResetCmd
    stm32f10x_bkp.o(i.BKP_DeInit) refers to stm32f10x_rcc.o(i.RCC_BackupResetCmd) for RCC_BackupResetCmd
    stm32f10x_can.o(i.CAN_DeInit) refers to stm32f10x_rcc.o(i.RCC_APB1PeriphResetCmd) for RCC_APB1PeriphResetCmd
    stm32f10x_can.o(i.CAN_GetITStatus) refers to stm32f10x_can.o(i.CheckITStatus) for CheckITStatus
    stm32f10x_cec.o(i.CEC_DeInit) refers to stm32f10x_rcc.o(i.RCC_APB1PeriphResetCmd) for RCC_APB1PeriphResetCmd
    stm32f10x_dac.o(i.DAC_DeInit) refers to stm32f10x_rcc.o(i.RCC_APB1PeriphResetCmd) for RCC_APB1PeriphResetCmd
    stm32f10x_flash.o(i.FLASH_EnableWriteProtection) refers to stm32f10x_flash.o(i.FLASH_WaitForLastOperation) for FLASH_WaitForLastOperation
    stm32f10x_flash.o(i.FLASH_EraseAllBank1Pages) refers to stm32f10x_flash.o(i.FLASH_WaitForLastBank1Operation) for FLASH_WaitForLastBank1Operation
    stm32f10x_flash.o(i.FLASH_EraseAllPages) refers to stm32f10x_flash.o(i.FLASH_WaitForLastOperation) for FLASH_WaitForLastOperation
    stm32f10x_flash.o(i.FLASH_EraseOptionBytes) refers to stm32f10x_flash.o(i.FLASH_GetReadOutProtectionStatus) for FLASH_GetReadOutProtectionStatus
    stm32f10x_flash.o(i.FLASH_EraseOptionBytes) refers to stm32f10x_flash.o(i.FLASH_WaitForLastOperation) for FLASH_WaitForLastOperation
    stm32f10x_flash.o(i.FLASH_ErasePage) refers to stm32f10x_flash.o(i.FLASH_WaitForLastOperation) for FLASH_WaitForLastOperation
    stm32f10x_flash.o(i.FLASH_ProgramHalfWord) refers to stm32f10x_flash.o(i.FLASH_WaitForLastOperation) for FLASH_WaitForLastOperation
    stm32f10x_flash.o(i.FLASH_ProgramOptionByteData) refers to stm32f10x_flash.o(i.FLASH_WaitForLastOperation) for FLASH_WaitForLastOperation
    stm32f10x_flash.o(i.FLASH_ProgramWord) refers to stm32f10x_flash.o(i.FLASH_WaitForLastOperation) for FLASH_WaitForLastOperation
    stm32f10x_flash.o(i.FLASH_ReadOutProtection) refers to stm32f10x_flash.o(i.FLASH_WaitForLastOperation) for FLASH_WaitForLastOperation
[...]
    Removing transformfunctions.o(i.arm_dct4_f32), (220 bytes).
    Removing transformfunctions.o(i.arm_dct4_init_f32), (160 bytes).
    Removing transformfunctions.o(i.arm_dct4_init_q15), (156 bytes).
    Removing transformfunctions.o(i.arm_dct4_init_q31), (156 bytes).
    Removing transformfunctions.o(i.arm_dct4_q15), (246 bytes).
    Removing transformfunctions.o(i.arm_dct4_q31), (226 bytes).
    Removing transformfunctions.o(i.arm_radix2_butterfly_f32), (280 bytes).
    Removing transformfunctions.o(i.arm_radix2_butterfly_inverse_f32), (456 bytes).
    Removing transformfunctions.o(i.arm_radix2_butterfly_inverse_q15), (804 bytes).
    Removing transformfunctions.o(i.arm_radix2_butterfly_inverse_q31), (1076 bytes).
    Removing transformfunctions.o(i.arm_radix2_butterfly_q15), (818 bytes).
    Removing transformfunctions.o(i.arm_radix2_butterfly_q31), (1102 bytes).
    Removing transformfunctions.o(i.arm_radix4_butterfly_f32), (668 bytes).
    Removing transformfunctions.o(i.arm_radix4_butterfly_f64), (944 bytes).
    Removing transformfunctions.o(i.arm_radix4_butterfly_inverse_f32), (1078 bytes).
    Removing transformfunctions.o(i.arm_radix4_butterfly_inverse_q15), (2020 bytes).
    Removing transformfunctions.o(i.arm_radix4_butterfly_inverse_q31), (1912 bytes).
    Removing transformfunctions.o(i.arm_radix4_butterfly_q15), (2152 bytes).
    Removing transformfunctions.o(i.arm_radix4_butterfly_q31), (1912 bytes).
    Removing transformfunctions.o(i.arm_radix8_butterfly_f32), (3044 bytes).
    Removing transformfunctions.o(i.arm_rfft_1024_fast_init_f32), (48 bytes).
    Removing transformfunctions.o(i.arm_rfft_1024_fast_init_f64), (56 bytes).
    Removing transformfunctions.o(i.arm_rfft_128_fast_init_f32), (44 bytes).
    Removing transformfunctions.o(i.arm_rfft_128_fast_init_f64), (52 bytes).
    Removing transformfunctions.o(i.arm_rfft_2048_fast_init_f32), (48 bytes).
    Removing transformfunctions.o(i.arm_rfft_2048_fast_init_f64), (56 bytes).
    Removing transformfunctions.o(i.arm_rfft_256_fast_init_f32), (48 bytes).
    Removing transformfunctions.o(i.arm_rfft_256_fast_init_f64), (52 bytes).
    Removing transformfunctions.o(i.arm_rfft_32_fast_init_f32), (44 bytes).
    Removing transformfunctions.o(i.arm_rfft_32_fast_init_f64), (52 bytes).
    Removing transformfunctions.o(i.arm_rfft_4096_fast_init_f32), (48 bytes).
    Removing transformfunctions.o(i.arm_rfft_4096_fast_init_f64), (56 bytes).
    Removing transformfunctions.o(i.arm_rfft_512_fast_init_f32), (48 bytes).
    Removing transformfunctions.o(i.arm_rfft_512_fast_init_f64), (56 bytes).
    Removing transformfunctions.o(i.arm_rfft_64_fast_init_f32), (44 bytes).
    Removing transformfunctions.o(i.arm_rfft_64_fast_init_f64), (52 bytes).
    Removing transformfunctions.o(i.arm_rfft_f32), (124 bytes).
    Removing transformfunctions.o(i.arm_rfft_fast_f32), (66 bytes).
    Removing transformfunctions.o(i.arm_rfft_fast_f64), (76 bytes).
    Removing transformfunctions.o(i.arm_rfft_fast_init_f32), (140 bytes).
    Removing transformfunctions.o(i.arm_rfft_fast_init_f64), (140 bytes).
    Removing transformfunctions.o(i.arm_rfft_init_f32), (152 bytes).
    Removing transformfunctions.o(i.arm_rfft_init_q15), (228 bytes).
    Removing transformfunctions.o(i.arm_rfft_init_q31), (228 bytes).
    Removing transformfunctions.o(i.arm_rfft_q15), (102 bytes).
    Removing transformfunctions.o(i.arm_rfft_q31), (102 bytes).
    Removing transformfunctions.o(i.arm_split_rfft_f32), (318 bytes).
    Removing transformfunctions.o(i.arm_split_rfft_q15), (308 bytes).
    Removing transformfunctions.o(i.arm_split_rfft_q31), (518 bytes).
    Removing transformfunctions.o(i.arm_split_rifft_f32), (218 bytes).
    Removing transformfunctions.o(i.arm_split_rifft_q15), (174 bytes).
    Removing transformfunctions.o(i.arm_split_rifft_q31), (318 bytes).
    Removing transformfunctions.o(i.merge_rfft_f32), (266 bytes).
    Removing transformfunctions.o(i.merge_rfft_f64), (404 bytes).
    Removing transformfunctions.o(i.stage_rfft_f32), (306 bytes).
    Removing transformfunctions.o(i.stage_rfft_f64), (448 bytes).
    Removing transformfunctionsf16.o(.rev16_text), (4 bytes).
    Removing transformfunctionsf16.o(.revsh_text), (4 bytes).
    Removing transformfunctionsf16.o(.rrx_text), (6 bytes).
    Removing gpio_stm32f10x.o(i.GPIO_AFConfigure), (156 bytes).
    Removing gpio_stm32f10x.o(i.GPIO_GetPortClockState), (152 bytes).
    Removing gpio_stm32f10x.o(i.GPIO_PinConfigure), (120 bytes).
    Removing gpio_stm32f10x.o(i.GPIO_PortClock), (316 bytes).
    Removing startup_stm32f10x_hd.o(HEAP), (512 bytes).
    Removing fadd.o(.text), (176 bytes).
    Removing fdiv.o(.text), (124 bytes).
    Removing fflti.o(.text), (18 bytes).
    Removing ffixi.o(.text), (50 bytes).
    Removing ffixl.o(.text), (66 bytes).
    Removing cdcmple.o(.text), (48 bytes).
    Removing cfcmple.o(.text), (20 bytes).
    Removing fscalb.o(.text), (24 bytes).
    Removing fsqrt.o(.text), (94 bytes).
    Removing frnd.o(.text), (60 bytes).
    Removing ffixir.o(.text), (76 bytes).
    Removing fpstat.o(.text), (4 bytes).

1015 unused section(s) (total 1046682 bytes) removed from the image.

==============================================================================

Image Symbol Table

    Local Symbols

    Symbol Name                              Value     Ov Type        Size  Object(Section)

    ../clib/../cmprslib/zerorunl2.c          0x00000000   Number         0  __dczerorl2.o ABSOLUTE
    ../clib/microlib/division.c              0x00000000   Number         0  uldiv.o ABSOLUTE
    ../clib/microlib/division.c              0x00000000   Number         0  uidiv.o ABSOLUTE
    ../clib/microlib/division.c              0x00000000   Number         0  ldiv.o ABSOLUTE
    ../clib/microlib/errno.c                 0x00000000   Number         0  errno.o ABSOLUTE
    ../clib/microlib/init/entry.s            0x00000000   Number         0  entry5.o ABSOLUTE
    ../clib/microlib/init/entry.s            0x00000000   Number         0  entry11a.o ABSOLUTE
    ../clib/microlib/init/entry.s            0x00000000   Number         0  entry2.o ABSOLUTE
    ../clib/microlib/init/entry.s            0x00000000   Number         0  entry.o ABSOLUTE
    ../clib/microlib/init/entry.s            0x00000000   Number         0  entry8a.o ABSOLUTE
    ../clib/microlib/init/entry.s            0x00000000   Number         0  entry7a.o ABSOLUTE
    ../clib/microlib/init/entry.s            0x00000000   Number         0  entry7b.o ABSOLUTE
    ../clib/microlib/init/entry.s            0x00000000   Number         0  entry8b.o ABSOLUTE
    ../clib/microlib/init/entry.s            0x00000000   Number         0  entry9a.o ABSOLUTE
    ../clib/microlib/init/entry.s            0x00000000   Number         0  entry9b.o ABSOLUTE
    ../clib/microlib/init/entry.s            0x00000000   Number         0  entry10a.o ABSOLUTE
    ../clib/microlib/init/entry.s            0x00000000   Number         0  entry10b.o ABSOLUTE
    ../clib/microlib/init/entry.s            0x00000000   Number         0  entry11b.o ABSOLUTE
    ../clib/microlib/init/entry.s            0x00000000   Number         0  entry12a.o ABSOLUTE
    ../clib/microlib/init/entry.s            0x00000000   Number         0  entry12b.o ABSOLUTE
    ../clib/microlib/longlong.c              0x00000000   Number         0  llshl.o ABSOLUTE
    ../clib/microlib/longlong.c              0x00000000   Number         0  llsshr.o ABSOLUTE
    ../clib/microlib/longlong.c              0x00000000   Number         0  llushr.o ABSOLUTE
    ../clib/microlib/printf/printf.c         0x00000000   Number         0  printf6.o ABSOLUTE
    ../clib/microlib/printf/printf.c         0x00000000   Number         0  printfb.o ABSOLUTE
    ../clib/microlib/printf/printf.c         0x00000000   Number         0  printf0.o ABSOLUTE
    ../clib/microlib/printf/printf.c         0x00000000   Number         0  printf1.o ABSOLUTE
    ../clib/microlib/printf/printf.c         0x00000000   Number         0  printf2.o ABSOLUTE
    ../clib/microlib/printf/printf.c         0x00000000   Number         0  printf7.o ABSOLUTE
    ../clib/microlib/printf/printf.c         0x00000000   Number         0  printf5.o ABSOLUTE
    ../clib/microlib/printf/printf.c         0x00000000   Number         0  printf8.o ABSOLUTE
    ../clib/microlib/printf/printf.c         0x00000000   Number         0  printf3.o ABSOLUTE
    ../clib/microlib/printf/printf.c         0x00000000   Number         0  printfa.o ABSOLUTE
    ../clib/microlib/printf/printf.c         0x00000000   Number         0  printf4.o ABSOLUTE
    ../clib/microlib/printf/stubs.s          0x00000000   Number         0  stubs.o ABSOLUTE
    ../clib/microlib/string/memcpy.c         0x00000000   Number         0  memcpya.o ABSOLUTE
    ../clib/microlib/string/memcpy.c         0x00000000   Number         0  memcpyb.o ABSOLUTE
    ../clib/microlib/string/memset.c         0x00000000   Number         0  memseta.o ABSOLUTE
    ../clib/microlib/stubs.s                 0x00000000   Number         0  useno.o ABSOLUTE
    ../clib/microlib/stubs.s                 0x00000000   Number         0  iusefp.o ABSOLUTE
    ../fplib/microlib/d2f.c                  0x00000000   Number         0  d2f.o ABSOLUTE
    ../fplib/microlib/f2d.c                  0x00000000   Number         0  f2d.o ABSOLUTE
    ../fplib/microlib/fpadd.c                0x00000000   Number         0  fadd.o ABSOLUTE
    ../fplib/microlib/fpadd.c                0x00000000   Number         0  dadd.o ABSOLUTE
    ../fplib/microlib/fpdiv.c                0x00000000   Number         0  fdiv.o ABSOLUTE
    ../fplib/microlib/fpdiv.c                0x00000000   Number         0  ddiv.o ABSOLUTE
    ../fplib/microlib/fpepilogue.c           0x00000000   Number         0  fepilogue.o ABSOLUTE
    ../fplib/microlib/fpepilogue.c           0x00000000   Number         0  depilogue.o ABSOLUTE
    ../fplib/microlib/fpfix.c                0x00000000   Number         0  dfixul.o ABSOLUTE
    ../fplib/microlib/fpfix.c                0x00000000   Number         0  ffixir.o ABSOLUTE
    ../fplib/microlib/fpfix.c                0x00000000   Number         0  ffixi.o ABSOLUTE
    ../fplib/microlib/fpfix.c                0x00000000   Number         0  ffixui.o ABSOLUTE
    ../fplib/microlib/fpfix.c                0x00000000   Number         0  ffixl.o ABSOLUTE
    ../fplib/microlib/fpflt.c                0x00000000   Number         0  dflti.o ABSOLUTE
    ../fplib/microlib/fpflt.c                0x00000000   Number         0  dfltui.o ABSOLUTE
    ../fplib/microlib/fpflt.c                0x00000000   Number         0  ffltui.o ABSOLUTE
    ../fplib/microlib/fpflt.c                0x00000000   Number         0  fflti.o ABSOLUTE
    ../fplib/microlib/fpmul.c                0x00000000   Number         0  fmul.o ABSOLUTE
    ../fplib/microlib/fpmul.c                0x00000000   Number         0  dmul.o ABSOLUTE
    ../fplib/microlib/fprnd.c                0x00000000   Number         0  frnd.o ABSOLUTE
    ../fplib/microlib/fpscalb.c              0x00000000   Number         0  fscalb.o ABSOLUTE
    ../fplib/microlib/fpscalb.c              0x00000000   Number         0  dscalb.o ABSOLUTE
    ../fplib/microlib/fpsqrt.c               0x00000000   Number         0  dsqrt.o ABSOLUTE
    ../fplib/microlib/fpsqrt.c               0x00000000   Number         0  fsqrt.o ABSOLUTE
    ../fplib/microlib/fpstat.c               0x00000000   Number         0  fpstat.o ABSOLUTE
    ../mathlib/dunder.c                      0x00000000   Number         0  dunder.o ABSOLUTE
    ../mathlib/expf.c                        0x00000000   Number         0  expf.o ABSOLUTE
    ../mathlib/expf.c                        0x00000000   Number         0  expf_x.o ABSOLUTE
    ../mathlib/fpclassify.c                  0x00000000   Number         0  fpclassify.o ABSOLUTE
    ../mathlib/fpclassifyf.c                 0x00000000   Number         0  fpclassifyf.o ABSOLUTE
    ../mathlib/funder.c                      0x00000000   Number         0  funder.o ABSOLUTE
    ../mathlib/log.c                         0x00000000   Number         0  log_x.o ABSOLUTE
    ../mathlib/log.c                         0x00000000   Number         0  log.o ABSOLUTE
    ../mathlib/logf.c                        0x00000000   Number         0  logf_x.o ABSOLUTE
    ../mathlib/logf.c                        0x00000000   Number         0  logf.o ABSOLUTE
    ../mathlib/poly.c                        0x00000000   Number         0  poly.o ABSOLUTE
    ../mathlib/pow.c                         0x00000000   Number         0  pow_x.o ABSOLUTE
    ../mathlib/pow.c                         0x00000000   Number         0  pow.o ABSOLUTE
    ../mathlib/powf.c                        0x00000000   Number         0  powf_x.o ABSOLUTE
    ../mathlib/powf.c                        0x00000000   Number         0  powf.o ABSOLUTE
    ../mathlib/qnan.c                        0x00000000   Number         0  qnan.o ABSOLUTE
    ../mathlib/sqrt.c                        0x00000000   Number         0  sqrt_x.o ABSOLUTE
    ../mathlib/sqrt.c                        0x00000000   Number         0  sqrt.o ABSOLUTE
    ../mathlib/sqrtf.c                       0x00000000   Number         0  sqrtf.o ABSOLUTE
    ../mathlib/sqrtf.c                       0x00000000   Number         0  sqrtf_x.o ABSOLUTE
    ../mathlib/tanhf.c                       0x00000000   Number         0  tanhf.o ABSOLUTE
    ../mathlib/tanhf.c                       0x00000000   Number         0  tanhf_x.o ABSOLUTE
    APP\main.c                               0x00000000   Number         0  main.o ABSOLUTE
    APP\stm32f10x_it.c                       0x00000000   Number         0  stm32f10x_it.o ABSOLUTE
    CMSIS\CoreSupport\core_cm3.c             0x00000000   Number         0  core_cm3.o ABSOLUTE
    CMSIS\\CoreSupport\\core_cm3.c           0x00000000   Number         0  core_cm3.o ABSOLUTE
    D:\\keil5_35\\Pack\\ARM\\CMSIS\\5.8.0\\CMSIS\\DSP\\Source\\BasicMathFunctions\\BasicMathFunctions.c 0x00000000   Number         0  basicmathfunctions.o ABSOLUTE
    D:\\keil5_35\\Pack\\ARM\\CMSIS\\5.8.0\\CMSIS\\DSP\\Source\\BasicMathFunctions\\BasicMathFunctionsF16.c 0x00000000   Number         0  basicmathfunctionsf16.o ABSOLUTE
    D:\\keil5_35\\Pack\\ARM\\CMSIS\\5.8.0\\CMSIS\\DSP\\Source\\BayesFunctions\\BayesFunctions.c 0x00000000   Number         0  bayesfunctions.o ABSOLUTE
    D:\\keil5_35\\Pack\\ARM\\CMSIS\\5.8.0\\CMSIS\\DSP\\Source\\BayesFunctions\\BayesFunctionsF16.c 0x00000000   Number         0  bayesfunctionsf16.o ABSOLUTE
    D:\\keil5_35\\Pack\\ARM\\CMSIS\\5.8.0\\CMSIS\\DSP\\Source\\CommonTables\\CommonTables.c 0x00000000   Number         0  commontables.o ABSOLUTE
    D:\\keil5_35\\Pack\\ARM\\CMSIS\\5.8.0\\CMSIS\\DSP\\Source\\CommonTables\\CommonTablesF16.c 0x00000000   Number         0  commontablesf16.o ABSOLUTE
    D:\\keil5_35\\Pack\\ARM\\CMSIS\\5.8.0\\CMSIS\\DSP\\Source\\ComplexMathFunctions\\ComplexMathFunctions.c 0x00000000   Number         0  complexmathfunctions.o ABSOLUTE
    D:\\keil5_35\\Pack\\ARM\\CMSIS\\5.8.0\\CMSIS\\DSP\\Source\\ComplexMathFunctions\\ComplexMathFunctionsF16.c 0x00000000   Number         0  complexmathfunctionsf16.o ABSOLUTE
    D:\\keil5_35\\Pack\\ARM\\CMSIS\\5.8.0\\CMSIS\\DSP\\Source\\ControllerFunctions\\ControllerFunctions.c 0x00000000   Number         0  controllerfunctions.o ABSOLUTE
    D:\\keil5_35\\Pack\\ARM\\CMSIS\\5.8.0\\CMSIS\\DSP\\Source\\DistanceFunctions\\DistanceFunctions.c 0x00000000   Number         0  distancefunctions.o ABSOLUTE
    D:\\keil5_35\\Pack\\ARM\\CMSIS\\5.8.0\\CMSIS\\DSP\\Source\\DistanceFunctions\\DistanceFunctionsF16.c 0x00000000   Number         0  distancefunctionsf16.o ABSOLUTE
    D:\\keil5_35\\Pack\\ARM\\CMSIS\\5.8.0\\CMSIS\\DSP\\Source\\FastMathFunctions\\FastMathFunctions.c 0x00000000   Number         0  fastmathfunctions.o ABSOLUTE
    D:\\keil5_35\\Pack\\ARM\\CMSIS\\5.8.0\\CMSIS\\DSP\\Source\\FastMathFunctions\\FastMathFunctionsF16.c 0x00000000   Number         0  fastmathfunctionsf16.o ABSOLUTE
    D:\\keil5_35\\Pack\\ARM\\CMSIS\\5.8.0\\CMSIS\\DSP\\Source\\FilteringFunctions\\FilteringFunctions.c 0x00000000   Number         0  filteringfunctions.o ABSOLUTE
    D:\\keil5_35\\Pack\\ARM\\CMSIS\\5.8.0\\CMSIS\\DSP\\Source\\FilteringFunctions\\FilteringFunctionsF16.c 0x00000000   Number         0  filteringfunctionsf16.o ABSOLUTE
    D:\\keil5_35\\Pack\\ARM\\CMSIS\\5.8.0\\CMSIS\\DSP\\Source\\InterpolationFunctions\\InterpolationFunctions.c 0x00000000   Number         0  interpolationfunctions.o ABSOLUTE
    D:\\keil5_35\\Pack\\ARM\\CMSIS\\5.8.0\\CMSIS\\DSP\\Source\\InterpolationFunctions\\InterpolationFunctionsF16.c 0x00000000   Number         0  interpolationfunctionsf16.o ABSOLUTE
    D:\\keil5_35\\Pack\\ARM\\CMSIS\\5.8.0\\CMSIS\\DSP\\Source\\MatrixFunctions\\MatrixFunctions.c 0x00000000   Number         0  matrixfunctions.o ABSOLUTE
    D:\\keil5_35\\Pack\\ARM\\CMSIS\\5.8.0\\CMSIS\\DSP\\Source\\MatrixFunctions\\MatrixFunctionsF16.c 0x00000000   Number         0  matrixfunctionsf16.o ABSOLUTE
    D:\\keil5_35\\Pack\\ARM\\CMSIS\\5.8.0\\CMSIS\\DSP\\Source\\QuaternionMathFunctions\\QuaternionMathFunctions.c 0x00000000   Number         0  quaternionmathfunctions.o ABSOLUTE
    D:\\keil5_35\\Pack\\ARM\\CMSIS\\5.8.0\\CMSIS\\DSP\\Source\\SVMFunctions\\SVMFunctions.c 0x00000000   Number         0  svmfunctions.o ABSOLUTE
    D:\\keil5_35\\Pack\\ARM\\CMSIS\\5.8.0\\CMSIS\\DSP\\Source\\SVMFunctions\\SVMFunctionsF16.c 0x00000000   Number         0  svmfunctionsf16.o ABSOLUTE
    D:\\keil5_35\\Pack\\ARM\\CMSIS\\5.8.0\\CMSIS\\DSP\\Source\\StatisticsFunctions\\StatisticsFunctions.c 0x00000000   Number         0  statisticsfunctions.o ABSOLUTE
    D:\\keil5_35\\Pack\\ARM\\CMSIS\\5.8.0\\CMSIS\\DSP\\Source\\StatisticsFunctions\\StatisticsFunctionsF16.c 0x00000000   Number         0  statisticsfunctionsf16.o ABSOLUTE
    D:\\keil5_35\\Pack\\ARM\\CMSIS\\5.8.0\\CMSIS\\DSP\\Source\\SupportFunctions\\SupportFunctions.c 0x00000000   Number         0  supportfunctions.o ABSOLUTE
    D:\\keil5_35\\Pack\\ARM\\CMSIS\\5.8.0\\CMSIS\\DSP\\Source\\SupportFunctions\\SupportFunctionsF16.c 0x00000000   Number         0  supportfunctionsf16.o ABSOLUTE
    D:\\keil5_35\\Pack\\ARM\\CMSIS\\5.8.0\\CMSIS\\DSP\\Source\\TransformFunctions\\TransformFunctions.c 0x00000000   Number         0  transformfunctions.o ABSOLUTE
    D:\\keil5_35\\Pack\\ARM\\CMSIS\\5.8.0\\CMSIS\\DSP\\Source\\TransformFunctions\\TransformFunctionsF16.c 0x00000000   Number         0  transformfunctionsf16.o ABSOLUTE
    D:\keil5_35\Pack\ARM\CMSIS\5.8.0\CMSIS\DSP\Source\BasicMathFunctions\BasicMathFunctions.c 0x00000000   Number         0  basicmathfunctions.o ABSOLUTE
    D:\keil5_35\Pack\ARM\CMSIS\5.8.0\CMSIS\DSP\Source\BasicMathFunctions\BasicMathFunctionsF16.c 0x00000000   Number         0  basicmathfunctionsf16.o ABSOLUTE
    D:\keil5_35\Pack\ARM\CMSIS\5.8.0\CMSIS\DSP\Source\BayesFunctions\BayesFunctions.c 0x00000000   Number         0  bayesfunctions.o ABSOLUTE
    D:\keil5_35\Pack\ARM\CMSIS\5.8.0\CMSIS\DSP\Source\BayesFunctions\BayesFunctionsF16.c 0x00000000   Number         0  bayesfunctionsf16.o ABSOLUTE
    D:\keil5_35\Pack\ARM\CMSIS\5.8.0\CMSIS\DSP\Source\CommonTables\CommonTables.c 0x00000000   Number         0  commontables.o ABSOLUTE
    D:\keil5_35\Pack\ARM\CMSIS\5.8.0\CMSIS\DSP\Source\CommonTables\CommonTablesF16.c 0x00000000   Number         0  commontablesf16.o ABSOLUTE
    D:\keil5_35\Pack\ARM\CMSIS\5.8.0\CMSIS\DSP\Source\ComplexMathFunctions\ComplexMathFunctions.c 0x00000000   Number         0  complexmathfunctions.o ABSOLUTE
    D:\keil5_35\Pack\ARM\CMSIS\5.8.0\CMSIS\DSP\Source\ComplexMathFunctions\ComplexMathFunctionsF16.c 0x00000000   Number         0  complexmathfunctionsf16.o ABSOLUTE
    D:\keil5_35\Pack\ARM\CMSIS\5.8.0\CMSIS\DSP\Source\ControllerFunctions\ControllerFunctions.c 0x00000000   Number         0  controllerfunctions.o ABSOLUTE
    D:\keil5_35\Pack\ARM\CMSIS\5.8.0\CMSIS\DSP\Source\DistanceFunctions\DistanceFunctions.c 0x00000000   Number         0  distancefunctions.o ABSOLUTE
    D:\keil5_35\Pack\ARM\CMSIS\5.8.0\CMSIS\DSP\Source\DistanceFunctions\DistanceFunctionsF16.c 0x00000000   Number         0  distancefunctionsf16.o ABSOLUTE
    D:\keil5_35\Pack\ARM\CMSIS\5.8.0\CMSIS\DSP\Source\FastMathFunctions\FastMathFunctions.c 0x00000000   Number         0  fastmathfunctions.o ABSOLUTE
    D:\keil5_35\Pack\ARM\CMSIS\5.8.0\CMSIS\DSP\Source\FastMathFunctions\FastMathFunctionsF16.c 0x00000000   Number         0  fastmathfunctionsf16.o ABSOLUTE
    D:\keil5_35\Pack\ARM\CMSIS\5.8.0\CMSIS\DSP\Source\FilteringFunctions\FilteringFunctions.c 0x00000000   Number         0  filteringfunctions.o ABSOLUTE
    D:\keil5_35\Pack\ARM\CMSIS\5.8.0\CMSIS\DSP\Source\FilteringFunctions\FilteringFunctionsF16.c 0x00000000   Number         0  filteringfunctionsf16.o ABSOLUTE
    D:\keil5_35\Pack\ARM\CMSIS\5.8.0\CMSIS\DSP\Source\InterpolationFunctions\InterpolationFunctions.c 0x00000000   Number         0  interpolationfunctions.o ABSOLUTE
    D:\keil5_35\Pack\ARM\CMSIS\5.8.0\CMSIS\DSP\Source\InterpolationFunctions\InterpolationFunctionsF16.c 0x00000000   Number         0  interpolationfunctionsf16.o ABSOLUTE
    D:\keil5_35\Pack\ARM\CMSIS\5.8.0\CMSIS\DSP\Source\MatrixFunctions\MatrixFunctions.c 0x00000000   Number         0  matrixfunctions.o ABSOLUTE
    D:\keil5_35\Pack\ARM\CMSIS\5.8.0\CMSIS\DSP\Source\MatrixFunctions\MatrixFunctionsF16.c 0x00000000   Number         0  matrixfunctionsf16.o ABSOLUTE
    D:\keil5_35\Pack\ARM\CMSIS\5.8.0\CMSIS\DSP\Source\QuaternionMathFunctions\QuaternionMathFunctions.c 0x00000000   Number         0  quaternionmathfunctions.o ABSOLUTE
    D:\keil5_35\Pack\ARM\CMSIS\5.8.0\CMSIS\DSP\Source\SVMFunctions\SVMFunctions.c 0x00000000   Number         0  svmfunctions.o ABSOLUTE
    D:\keil5_35\Pack\ARM\CMSIS\5.8.0\CMSIS\DSP\Source\SVMFunctions\SVMFunctionsF16.c 0x00000000   Number         0  svmfunctionsf16.o ABSOLUTE
    D:\keil5_35\Pack\ARM\CMSIS\5.8.0\CMSIS\DSP\Source\StatisticsFunctions\StatisticsFunctions.c 0x00000000   Number         0  statisticsfunctions.o ABSOLUTE
    D:\keil5_35\Pack\ARM\CMSIS\5.8.0\CMSIS\DSP\Source\StatisticsFunctions\StatisticsFunctionsF16.c 0x00000000   Number         0  statisticsfunctionsf16.o ABSOLUTE
    D:\keil5_35\Pack\ARM\CMSIS\5.8.0\CMSIS\DSP\Source\SupportFunctions\SupportFunctions.c 0x00000000   Number         0  supportfunctions.o ABSOLUTE
    D:\keil5_35\Pack\ARM\CMSIS\5.8.0\CMSIS\DSP\Source\SupportFunctions\SupportFunctionsF16.c 0x00000000   Number         0  supportfunctionsf16.o ABSOLUTE
    D:\keil5_35\Pack\ARM\CMSIS\5.8.0\CMSIS\DSP\Source\TransformFunctions\TransformFunctions.c 0x00000000   Number         0  transformfunctions.o ABSOLUTE
    D:\keil5_35\Pack\ARM\CMSIS\5.8.0\CMSIS\DSP\Source\TransformFunctions\TransformFunctionsF16.c 0x00000000   Number         0  transformfunctionsf16.o ABSOLUTE
    D:\keil5_35\Pack\Keil\STM32F1xx_DFP\2.4.0\RTE_Driver\GPIO_STM32F10x.c 0x00000000   Number         0  gpio_stm32f10x.o ABSOLUTE
    Hardware\BEEP\beep.c                     0x00000000   Number         0  beep.o ABSOLUTE
    Hardware\FIRE\fire.c                     0x00000000   Number         0  fire.o ABSOLUTE
    Hardware\MLX90614\MLX90614.c             0x00000000   Number         0  mlx90614.o ABSOLUTE
    Hardware\Mator\Mator.c                   0x00000000   Number         0  mator.o ABSOLUTE
    Hardware\OLED\OLED.c                     0x00000000   Number         0  oled.o ABSOLUTE
    Hardware\Solid\Solid.c                   0x00000000   Number         0  solid.o ABSOLUTE
    Hardware\USART\USART.c                   0x00000000   Number         0  usart.o ABSOLUTE
    Hardware\bmp\bmp.c                       0x00000000   Number         0  bmp.o ABSOLUTE
    RTE\Device\STM32F103RC\startup_stm32f10x_hd.s 0x00000000   Number         0  startup_stm32f10x_hd.o ABSOLUTE
    RTE\Device\STM32F103RC\system_stm32f10x.c 0x00000000   Number         0  system_stm32f10x_1.o ABSOLUTE
    STM32F10x_StdPeriph_Driver\src\misc.c    0x00000000   Number         0  misc.o ABSOLUTE
    STM32F10x_StdPeriph_Driver\src\stm32f10x_adc.c 0x00000000   Number         0  stm32f10x_adc.o ABSOLUTE
    STM32F10x_StdPeriph_Driver\src\stm32f10x_bkp.c 0x00000000   Number         0  stm32f10x_bkp.o ABSOLUTE
    STM32F10x_StdPeriph_Driver\src\stm32f10x_can.c 0x00000000   Number         0  stm32f10x_can.o ABSOLUTE
    STM32F10x_StdPeriph_Driver\src\stm32f10x_cec.c 0x00000000   Number         0  stm32f10x_cec.o ABSOLUTE
    STM32F10x_StdPeriph_Driver\src\stm32f10x_crc.c 0x00000000   Number         0  stm32f10x_crc.o ABSOLUTE
    STM32F10x_StdPeriph_Driver\src\stm32f10x_dac.c 0x00000000   Number         0  stm32f10x_dac.o ABSOLUTE
    STM32F10x_StdPeriph_Driver\src\stm32f10x_dbgmcu.c 0x00000000   Number         0  stm32f10x_dbgmcu.o ABSOLUTE
    STM32F10x_StdPeriph_Driver\src\stm32f10x_dma.c 0x00000000   Number         0  stm32f10x_dma.o ABSOLUTE
    STM32F10x_StdPeriph_Driver\src\stm32f10x_exti.c 0x00000000   Number         0  stm32f10x_exti.o ABSOLUTE
    STM32F10x_StdPeriph_Driver\src\stm32f10x_flash.c 0x00000000   Number         0  stm32f10x_flash.o ABSOLUTE
    STM32F10x_StdPeriph_Driver\src\stm32f10x_fsmc.c 0x00000000   Number         0  stm32f10x_fsmc.o ABSOLUTE
    STM32F10x_StdPeriph_Driver\src\stm32f10x_gpio.c 0x00000000   Number         0  stm32f10x_gpio.o ABSOLUTE
    STM32F10x_StdPeriph_Driver\src\stm32f10x_i2c.c 0x00000000   Number         0  stm32f10x_i2c.o ABSOLUTE
    STM32F10x_StdPeriph_Driver\src\stm32f10x_iwdg.c 0x00000000   Number         0  stm32f10x_iwdg.o ABSOLUTE
    STM32F10x_StdPeriph_Driver\src\stm32f10x_pwr.c 0x00000000   Number         0  stm32f10x_pwr.o ABSOLUTE
    STM32F10x_StdPeriph_Driver\src\stm32f10x_rcc.c 0x00000000   Number         0  stm32f10x_rcc.o ABSOLUTE
    STM32F10x_StdPeriph_Driver\src\stm32f10x_rtc.c 0x00000000   Number         0  stm32f10x_rtc.o ABSOLUTE
    STM32F10x_StdPeriph_Driver\src\stm32f10x_sdio.c 0x00000000   Number         0  stm32f10x_sdio.o ABSOLUTE
    STM32F10x_StdPeriph_Driver\src\stm32f10x_spi.c 0x00000000   Number         0  stm32f10x_spi.o ABSOLUTE
    STM32F10x_StdPeriph_Driver\src\stm32f10x_tim.c 0x00000000   Number         0  stm32f10x_tim.o ABSOLUTE
    STM32F10x_StdPeriph_Driver\src\stm32f10x_usart.c 0x00000000   Number         0  stm32f10x_usart.o ABSOLUTE
    STM32F10x_StdPeriph_Driver\src\stm32f10x_wwdg.c 0x00000000   Number         0  stm32f10x_wwdg.o ABSOLUTE
    System\Delay_ms\Delay_ms.c               0x00000000   Number         0  delay_ms.o ABSOLUTE
    cdcmple.s                                0x00000000   Number         0  cdcmple.o ABSOLUTE
    cdrcmple.s                               0x00000000   Number         0  cdrcmple.o ABSOLUTE
    cfcmple.s                                0x00000000   Number         0  cfcmple.o ABSOLUTE
    cfrcmple.s                               0x00000000   Number         0  cfrcmple.o ABSOLUTE
    dc.s                                     0x00000000   Number         0  dc.o ABSOLUTE
    handlers.s                               0x00000000   Number         0  handlers.o ABSOLUTE
    init.s                                   0x00000000   Number         0  init.o ABSOLUTE
    RESET                                    0x08000000   Section      304  startup_stm32f10x_hd.o(RESET)
    .ARM.Collect$$$$00000000                 0x08000130   Section        0  entry.o(.ARM.Collect$$$$00000000)
    .ARM.Collect$$$$00000001                 0x08000130   Section        4  entry2.o(.ARM.Collect$$$$00000001)
    .ARM.Collect$$$$00000004                 0x08000134   Section        4  entry5.o(.ARM.Collect$$$$00000004)
    .ARM.Collect$$$$00000008                 0x08000138   Section        0  entry7b.o(.ARM.Collect$$$$00000008)
    .ARM.Collect$$$$0000000A                 0x08000138   Section        0  entry8b.o(.ARM.Collect$$$$0000000A)
    .ARM.Collect$$$$0000000B                 0x08000138   Section        8  entry9a.o(.ARM.Collect$$$$0000000B)
    .ARM.Collect$$$$0000000E                 0x08000140   Section        4  entry12b.o(.ARM.Collect$$$$0000000E)
    .ARM.Collect$$$$0000000F                 0x08000144   Section        0  entry10a.o(.ARM.Collect$$$$0000000F)
    .ARM.Collect$$$$00000011                 0x08000144   Section        0  entry11a.o(.ARM.Collect$$$$00000011)
    .ARM.Collect$$$$00002712                 0x08000144   Section        4  entry2.o(.ARM.Collect$$$$00002712)
    __lit__00000000                          0x08000144   Data           4  entry2.o(.ARM.Collect$$$$00002712)
    .text                                    0x08000148   Section       36  startup_stm32f10x_hd.o(.text)
    .text                                    0x0800016c   Section        0  uldiv.o(.text)
    .text                                    0x080001ce   Section        0  llshl.o(.text)
    .text                                    0x080001ec   Section        0  llsshr.o(.text)
    .text                                    0x08000210   Section        0  memcpya.o(.text)
    .text                                    0x08000234   Section        0  fmul.o(.text)
    .text                                    0x08000298   Section        0  dadd.o(.text)
    .text                                    0x080003e6   Section        0  dmul.o(.text)
    .text                                    0x080004ca   Section        0  ddiv.o(.text)
    .text                                    0x080005a8   Section        0  ffltui.o(.text)
    .text                                    0x080005b2   Section        0  dfltui.o(.text)
    .text                                    0x080005cc   Section        0  ffixui.o(.text)
    .text                                    0x080005f4   Section        0  f2d.o(.text)
    .text                                    0x0800061c   Section       48  cdrcmple.o(.text)
    .text                                    0x0800064c   Section        0  d2f.o(.text)
    .text                                    0x08000684   Section       20  cfrcmple.o(.text)
    .text                                    0x08000698   Section        0  uidiv.o(.text)
    .text                                    0x080006c4   Section        0  llushr.o(.text)
    .text                                    0x080006e4   Section        0  fepilogue.o(.text)
    .text                                    0x080006e4   Section        0  iusefp.o(.text)
    .text                                    0x08000752   Section        0  depilogue.o(.text)
    .text                                    0x0800080c   Section        0  dscalb.o(.text)
    .text                                    0x0800083a   Section        0  dsqrt.o(.text)
    .text                                    0x080008dc   Section        0  dflti.o(.text)
    .text                                    0x080008fe   Section        0  dfixul.o(.text)
    .text                                    0x08000930   Section       36  init.o(.text)
    .text                                    0x08000954   Section        0  __dczerorl2.o(.text)
    i.ADC_Cmd                                0x080009aa   Section        0  stm32f10x_adc.o(i.ADC_Cmd)
    i.ADC_GetCalibrationStatus               0x080009c0   Section        0  stm32f10x_adc.o(i.ADC_GetCalibrationStatus)
    i.ADC_GetConversionValue                 0x080009d4   Section        0  stm32f10x_adc.o(i.ADC_GetConversionValue)
    i.ADC_GetFlagStatus                      0x080009dc   Section        0  stm32f10x_adc.o(i.ADC_GetFlagStatus)
    i.ADC_Init                               0x080009f0   Section        0  stm32f10x_adc.o(i.ADC_Init)
    i.ADC_RegularChannelConfig               0x08000a40   Section        0  stm32f10x_adc.o(i.ADC_RegularChannelConfig)
    i.ADC_SoftwareStartConvCmd               0x08000af8   Section        0  stm32f10x_adc.o(i.ADC_SoftwareStartConvCmd)
    i.ADC_StartCalibration                   0x08000b0e   Section        0  stm32f10x_adc.o(i.ADC_StartCalibration)
    i.BusFault_Handler                       0x08000b18   Section        0  stm32f10x_it.o(i.BusFault_Handler)
    i.Buzzer_Init                            0x08000b1c   Section        0  beep.o(i.Buzzer_Init)
    i.DebugMon_Handler                       0x08000b54   Section        0  stm32f10x_it.o(i.DebugMon_Handler)
    i.Delay                                  0x08000b58   Section        0  beep.o(i.Delay)
    i.Dta_time                               0x08000bbc   Section        0  solid.o(i.Dta_time)
    i.GPIO_Init                              0x08000c14   Section        0  stm32f10x_gpio.o(i.GPIO_Init)
    i.GPIO_ReadInputDataBit                  0x08000d2a   Section        0  stm32f10x_gpio.o(i.GPIO_ReadInputDataBit)
    i.GPIO_ResetBits                         0x08000d3c   Section        0  stm32f10x_gpio.o(i.GPIO_ResetBits)
    i.GPIO_SetBits                           0x08000d40   Section        0  stm32f10x_gpio.o(i.GPIO_SetBits)
    i.HardFault_Handler                      0x08000d44   Section        0  stm32f10x_it.o(i.HardFault_Handler)
    i.IIC_Start                              0x08000d48   Section        0  oled.o(i.IIC_Start)
    i.IIC_Stop                               0x08000d78   Section        0  oled.o(i.IIC_Stop)
    i.IIC_Wait_Ack                           0x08000da0   Section        0  oled.o(i.IIC_Wait_Ack)
    i.InitADC1_15                            0x08000dbc   Section        0  solid.o(i.InitADC1_15)
    i.MemManage_Handler                      0x08000e18   Section        0  stm32f10x_it.o(i.MemManage_Handler)
    i.MotorEn_Init                           0x08000e1c   Section        0  mator.o(i.MotorEn_Init)
    i.NMI_Handler                            0x08000e5c   Section        0  stm32f10x_it.o(i.NMI_Handler)
    i.OLED_Clear                             0x08000e5e   Section        0  oled.o(i.OLED_Clear)
    i.OLED_Cmd                               0x08000e96   Section        0  oled.o(i.OLED_Cmd)
    i.OLED_Data                              0x08000ec2   Section        0  oled.o(i.OLED_Data)
    i.OLED_Delay                             0x08000eee   Section        0  oled.o(i.OLED_Delay)
    i.OLED_Init                              0x08000f08   Section        0  oled.o(i.OLED_Init)
    i.OLED_Set_Pos                           0x0800101c   Section        0  oled.o(i.OLED_Set_Pos)
    i.OLED_ShowChar                          0x08001040   Section        0  oled.o(i.OLED_ShowChar)
    i.OLED_ShowPicture                       0x080010a0   Section        0  oled.o(i.OLED_ShowPicture)
    i.OLED_ShowString                        0x08001118   Section        0  oled.o(i.OLED_ShowString)
    i.PEC_Calculation                        0x0800114e   Section        0  mlx90614.o(i.PEC_Calculation)
    i.Play                                   0x08001208   Section        0  beep.o(i.Play)
    i.RCC_ADCCLKConfig                       0x08001290   Section        0  stm32f10x_rcc.o(i.RCC_ADCCLKConfig)
    i.RCC_APB1PeriphClockCmd                 0x080012a8   Section        0  stm32f10x_rcc.o(i.RCC_APB1PeriphClockCmd)
    i.RCC_APB2PeriphClockCmd                 0x080012c8   Section        0  stm32f10x_rcc.o(i.RCC_APB2PeriphClockCmd)
    i.RCC_GetClocksFreq                      0x080012e8   Section        0  stm32f10x_rcc.o(i.RCC_GetClocksFreq)
    i.Reset_Mator                            0x080013bc   Section        0  mator.o(i.Reset_Mator)
    i.SMBus_Delay                            0x080013c4   Section        0  mlx90614.o(i.SMBus_Delay)
    i.SMBus_Init                             0x080013e0   Section        0  mlx90614.o(i.SMBus_Init)
    i.SMBus_ReadMemory                       0x08001418   Section        0  mlx90614.o(i.SMBus_ReadMemory)
    i.SMBus_ReadTemp                         0x080014c0   Section        0  mlx90614.o(i.SMBus_ReadTemp)
    i.SMBus_ReceiveBit                       0x08001500   Section        0  mlx90614.o(i.SMBus_ReceiveBit)
    i.SMBus_ReceiveByte                      0x08001544   Section        0  mlx90614.o(i.SMBus_ReceiveByte)
    i.SMBus_SendBit                          0x08001578   Section        0  mlx90614.o(i.SMBus_SendBit)
    i.SMBus_SendByte                         0x080015b4   Section        0  mlx90614.o(i.SMBus_SendByte)
    i.SMBus_StartBit                         0x080015e4   Section        0  mlx90614.o(i.SMBus_StartBit)
    i.SMBus_StopBit                          0x08001620   Section        0  mlx90614.o(i.SMBus_StopBit)
    i.SVC_Handler                            0x08001658   Section        0  stm32f10x_it.o(i.SVC_Handler)
    i.SetSysClock                            0x0800165a   Section        0  system_stm32f10x_1.o(i.SetSysClock)
    SetSysClock                              0x0800165b   Thumb Code     8  system_stm32f10x_1.o(i.SetSysClock)
    i.SetSysClockTo72                        0x08001664   Section        0  system_stm32f10x_1.o(i.SetSysClockTo72)
    SetSysClockTo72                          0x08001665   Thumb Code   214  system_stm32f10x_1.o(i.SetSysClockTo72)
    i.Set_Mator                              0x08001744   Section        0  mator.o(i.Set_Mator)
    i.SystemInit                             0x0800175c   Section        0  system_stm32f10x_1.o(i.SystemInit)
    i.TIM_ClearFlag                          0x080017bc   Section        0  stm32f10x_tim.o(i.TIM_ClearFlag)
    i.TIM_Cmd                                0x080017c2   Section        0  stm32f10x_tim.o(i.TIM_Cmd)
    i.TIM_GetFlagStatus                      0x080017da   Section        0  stm32f10x_tim.o(i.TIM_GetFlagStatus)
    i.TIM_SetCounter                         0x080017ec   Section        0  stm32f10x_tim.o(i.TIM_SetCounter)
    i.TIM_TimeBaseInit                       0x080017f0   Section        0  stm32f10x_tim.o(i.TIM_TimeBaseInit)
    i.USART_ClearFlag                        0x08001894   Section        0  stm32f10x_usart.o(i.USART_ClearFlag)
    i.USART_Cmd                              0x080018a6   Section        0  stm32f10x_usart.o(i.USART_Cmd)
    i.USART_Init                             0x080018c0   Section        0  stm32f10x_usart.o(i.USART_Init)
    i.UsageFault_Handler                     0x08001998   Section        0  stm32f10x_it.o(i.UsageFault_Handler)
    i.Usart1_Init                            0x0800199c   Section        0  usart.o(i.Usart1_Init)
    i.Write_IIC_Byte                         0x08001a1c   Section        0  oled.o(i.Write_IIC_Byte)
    i.__0printf                              0x08001a70   Section        0  printfa.o(i.__0printf)
    i.__0sprintf                             0x08001a90   Section        0  printfa.o(i.__0sprintf)
    i.__ARM_fpclassify                       0x08001ab8   Section        0  fpclassify.o(i.__ARM_fpclassify)
    i.__kernel_poly                          0x08001ae0   Section        0  poly.o(i.__kernel_poly)
    i.__mathlib_dbl_divzero                  0x08001b8c   Section        0  dunder.o(i.__mathlib_dbl_divzero)
    i.__mathlib_dbl_infnan2                  0x08001b9c   Section        0  dunder.o(i.__mathlib_dbl_infnan2)
    i.__mathlib_dbl_invalid                  0x08001ba0   Section        0  dunder.o(i.__mathlib_dbl_invalid)
    i.__mathlib_dbl_overflow                 0x08001bac   Section        0  dunder.o(i.__mathlib_dbl_overflow)
    i.__mathlib_dbl_underflow                0x08001bbc   Section        0  dunder.o(i.__mathlib_dbl_underflow)
    i.__scatterload_copy                     0x08001bcc   Section       14  handlers.o(i.__scatterload_copy)
    i.__scatterload_null                     0x08001bda   Section        2  handlers.o(i.__scatterload_null)
    i.__scatterload_zeroinit                 0x08001bdc   Section       14  handlers.o(i.__scatterload_zeroinit)
    i.__set_errno                            0x08001bec   Section        0  errno.o(i.__set_errno)
    i._fp_digits                             0x08001bf8   Section        0  printfa.o(i._fp_digits)
    _fp_digits                               0x08001bf9   Thumb Code   366  printfa.o(i._fp_digits)
    i._printf_core                           0x08001d7c   Section        0  printfa.o(i._printf_core)
    _printf_core                             0x08001d7d   Thumb Code  1704  printfa.o(i._printf_core)
    i._printf_post_padding                   0x08002430   Section        0  printfa.o(i._printf_post_padding)
    _printf_post_padding                     0x08002431   Thumb Code    36  printfa.o(i._printf_post_padding)
    i._printf_pre_padding                    0x08002454   Section        0  printfa.o(i._printf_pre_padding)
    _printf_pre_padding                      0x08002455   Thumb Code    46  printfa.o(i._printf_pre_padding)
    i._sputc                                 0x08002482   Section        0  printfa.o(i._sputc)
    _sputc                                   0x08002483   Thumb Code    10  printfa.o(i._sputc)
    i.fputc                                  0x0800248c   Section        0  usart.o(i.fputc)
    i.main                                   0x080024a8   Section        0  main.o(i.main)
    i.pow                                    0x08002928   Section        0  pow.o(i.pow)
    i.sqrt                                   0x08003300   Section        0  sqrt.o(i.sqrt)
    i.tip_warnings_init                      0x0800334c   Section        0  beep.o(i.tip_warnings_init)
    .constdata                               0x0800339c   Section     2072  oled.o(.constdata)
    .constdata                               0x08003bb4   Section       88  beep.o(.constdata)
    .constdata                               0x08003c10   Section      136  pow.o(.constdata)
    bp                                       0x08003c10   Data          16  pow.o(.constdata)
    dp_h                                     0x08003c20   Data          16  pow.o(.constdata)
    dp_l                                     0x08003c30   Data          16  pow.o(.constdata)
    L                                        0x08003c40   Data          48  pow.o(.constdata)
    P                                        0x08003c70   Data          40  pow.o(.constdata)
    .constdata                               0x08003c98   Section        8  qnan.o(.constdata)
    .data                                    0x20000000   Section       20  stm32f10x_rcc.o(.data)
    APBAHBPrescTable                         0x20000000   Data          16  stm32f10x_rcc.o(.data)
    ADCPrescTable                            0x20000010   Data           4  stm32f10x_rcc.o(.data)
    .data                                    0x20000014   Section        4  usart.o(.data)
    .data                                    0x20000018   Section     1582  bmp.o(.data)
    .data                                    0x20000648   Section        4  errno.o(.data)
    _errno                                   0x20000648   Data           4  errno.o(.data)
    .bss                                     0x2000064c   Section      976  bmp.o(.bss)
    STACK                                    0x20000a20   Section     1024  startup_stm32f10x_hd.o(STACK)

    Global Symbols

    Symbol Name                              Value     Ov Type        Size  Object(Section)

    BuildAttributes$$THM_ISAv4$P$D$K$B$S$PE$A:L22UL41UL21$X:L11$S22US41US21$IEEE1$IW$USESV6$~STKCKD$USESV7$~SHL$OTIME$ROPI$IEEEX$EBA8$MICROLIB$REQ8$PRES8$EABIv2 0x00000000   Number         0  anon$$obj.o ABSOLUTE
    __ARM_use_no_argv                        0x00000000   Number         0  main.o ABSOLUTE
    __use_no_errno                           0x00000000   Number         0  useno.o ABSOLUTE
    __use_no_exception_handling              0x00000000   Number         0  useno.o ABSOLUTE
    __use_no_fp                              0x00000000   Number         0  useno.o ABSOLUTE
    __use_no_heap                            0x00000000   Number         0  useno.o ABSOLUTE
    __use_no_heap_region                     0x00000000   Number         0  useno.o ABSOLUTE
    __use_no_semihosting                     0x00000000   Number         0  useno.o ABSOLUTE
    __use_no_semihosting_swi                 0x00000000   Number         0  useno.o ABSOLUTE
    __use_no_signal_handling                 0x00000000   Number         0  useno.o ABSOLUTE
    _printf_a                                0x00000000   Number         0  stubs.o ABSOLUTE
    _printf_c                                0x00000000   Number         0  stubs.o ABSOLUTE
    _printf_charcount                        0x00000000   Number         0  stubs.o ABSOLUTE
    _printf_d                                0x00000000   Number         0  stubs.o ABSOLUTE
    _printf_e                                0x00000000   Number         0  stubs.o ABSOLUTE
    _printf_f                                0x00000000   Number         0  stubs.o ABSOLUTE
    _printf_flags                            0x00000000   Number         0  stubs.o ABSOLUTE
    _printf_fp_dec                           0x00000000   Number         0  stubs.o ABSOLUTE
    _printf_fp_hex                           0x00000000   Number         0  stubs.o ABSOLUTE
    _printf_g                                0x00000000   Number         0  stubs.o ABSOLUTE
    _printf_i                                0x00000000   Number         0  stubs.o ABSOLUTE
    _printf_int_dec                          0x00000000   Number         0  stubs.o ABSOLUTE
    _printf_l                                0x00000000   Number         0  stubs.o ABSOLUTE
    _printf_lc                               0x00000000   Number         0  stubs.o ABSOLUTE
    _printf_ll                               0x00000000   Number         0  stubs.o ABSOLUTE
    _printf_lld                              0x00000000   Number         0  stubs.o ABSOLUTE
    _printf_lli                              0x00000000   Number         0  stubs.o ABSOLUTE
    _printf_llo                              0x00000000   Number         0  stubs.o ABSOLUTE
    _printf_llu                              0x00000000   Number         0  stubs.o ABSOLUTE
    _printf_llx                              0x00000000   Number         0  stubs.o ABSOLUTE
    _printf_longlong_dec                     0x00000000   Number         0  stubs.o ABSOLUTE
    _printf_longlong_hex                     0x00000000   Number         0  stubs.o ABSOLUTE
    _printf_longlong_oct                     0x00000000   Number         0  stubs.o ABSOLUTE
    _printf_ls                               0x00000000   Number         0  stubs.o ABSOLUTE
    _printf_mbtowc                           0x00000000   Number         0  stubs.o ABSOLUTE
    _printf_n                                0x00000000   Number         0  stubs.o ABSOLUTE
    _printf_o                                0x00000000   Number         0  stubs.o ABSOLUTE
    _printf_p                                0x00000000   Number         0  stubs.o ABSOLUTE
    _printf_percent                          0x00000000   Number         0  stubs.o ABSOLUTE
    _printf_pre_padding                      0x00000000   Number         0  stubs.o ABSOLUTE
    _printf_return_value                     0x00000000   Number         0  stubs.o ABSOLUTE
    _printf_s                                0x00000000   Number         0  stubs.o ABSOLUTE
    _printf_sizespec                         0x00000000   Number         0  stubs.o ABSOLUTE
    _printf_str                              0x00000000   Number         0  stubs.o ABSOLUTE
    _printf_truncate_signed                  0x00000000   Number         0  stubs.o ABSOLUTE
    _printf_truncate_unsigned                0x00000000   Number         0  stubs.o ABSOLUTE
    _printf_u                                0x00000000   Number         0  stubs.o ABSOLUTE
    _printf_wc                               0x00000000   Number         0  stubs.o ABSOLUTE
    _printf_wctomb                           0x00000000   Number         0  stubs.o ABSOLUTE
    _printf_widthprec                        0x00000000   Number         0  stubs.o ABSOLUTE
    _printf_x                                0x00000000   Number         0  stubs.o ABSOLUTE
    __arm_fini_                               - Undefined Weak Reference
    __cpp_initialize__aeabi_                  - Undefined Weak Reference
    __cxa_finalize                            - Undefined Weak Reference
    _clock_init                               - Undefined Weak Reference
    _microlib_exit                            - Undefined Weak Reference
    __Vectors_Size                           0x00000130   Number         0  startup_stm32f10x_hd.o ABSOLUTE
    __Vectors                                0x08000000   Data           4  startup_stm32f10x_hd.o(RESET)
    __Vectors_End                            0x08000130   Data           0  startup_stm32f10x_hd.o(RESET)
    __main                                   0x08000131   Thumb Code     0  entry.o(.ARM.Collect$$$$00000000)
    _main_stk                                0x08000131   Thumb Code     0  entry2.o(.ARM.Collect$$$$00000001)
    _main_scatterload                        0x08000135   Thumb Code     0  entry5.o(.ARM.Collect$$$$00000004)
    __main_after_scatterload                 0x08000139   Thumb Code     0  entry5.o(.ARM.Collect$$$$00000004)
    _main_clock                              0x08000139   Thumb Code     0  entry7b.o(.ARM.Collect$$$$00000008)
    _main_cpp_init                           0x08000139   Thumb Code     0  entry8b.o(.ARM.Collect$$$$0000000A)
    _main_init                               0x08000139   Thumb Code     0  entry9a.o(.ARM.Collect$$$$0000000B)
    __rt_lib_shutdown_fini                   0x08000141   Thumb Code     0  entry12b.o(.ARM.Collect$$$$0000000E)
    __rt_final_cpp                           0x08000145   Thumb Code     0  entry10a.o(.ARM.Collect$$$$0000000F)
    __rt_final_exit                          0x08000145   Thumb Code     0  entry11a.o(.ARM.Collect$$$$00000011)
    Reset_Handler                            0x08000149   Thumb Code     8  startup_stm32f10x_hd.o(.text)
    PendSV_Handler                           0x0800015f   Thumb Code     2  startup_stm32f10x_hd.o(.text)
    SysTick_Handler                          0x08000161   Thumb Code     2  startup_stm32f10x_hd.o(.text)
    ADC1_2_IRQHandler                        0x08000163   Thumb Code     0  startup_stm32f10x_hd.o(.text)
    ADC3_IRQHandler                          0x08000163   Thumb Code     0  startup_stm32f10x_hd.o(.text)
    CAN1_RX1_IRQHandler                      0x08000163   Thumb Code     0  startup_stm32f10x_hd.o(.text)
    CAN1_SCE_IRQHandler                      0x08000163   Thumb Code     0  startup_stm32f10x_hd.o(.text)
    DMA1_Channel1_IRQHandler                 0x08000163   Thumb Code     0  startup_stm32f10x_hd.o(.text)
    DMA1_Channel2_IRQHandler                 0x08000163   Thumb Code     0  startup_stm32f10x_hd.o(.text)
    DMA1_Channel3_IRQHandler                 0x08000163   Thumb Code     0  startup_stm32f10x_hd.o(.text)
    DMA1_Channel4_IRQHandler                 0x08000163   Thumb Code     0  startup_stm32f10x_hd.o(.text)
    DMA1_Channel5_IRQHandler                 0x08000163   Thumb Code     0  startup_stm32f10x_hd.o(.text)
    DMA1_Channel6_IRQHandler                 0x08000163   Thumb Code     0  startup_stm32f10x_hd.o(.text)
    DMA1_Channel7_IRQHandler                 0x08000163   Thumb Code     0  startup_stm32f10x_hd.o(.text)
    DMA2_Channel1_IRQHandler                 0x08000163   Thumb Code     0  startup_stm32f10x_hd.o(.text)
    DMA2_Channel2_IRQHandler                 0x08000163   Thumb Code     0  startup_stm32f10x_hd.o(.text)
    DMA2_Channel3_IRQHandler                 0x08000163   Thumb Code     0  startup_stm32f10x_hd.o(.text)
    DMA2_Channel4_5_IRQHandler               0x08000163   Thumb Code     0  startup_stm32f10x_hd.o(.text)
    EXTI0_IRQHandler                         0x08000163   Thumb Code     0  startup_stm32f10x_hd.o(.text)
    EXTI15_10_IRQHandler                     0x08000163   Thumb Code     0  startup_stm32f10x_hd.o(.text)
    EXTI1_IRQHandler                         0x08000163   Thumb Code     0  startup_stm32f10x_hd.o(.text)
    EXTI2_IRQHandler                         0x08000163   Thumb Code     0  startup_stm32f10x_hd.o(.text)
    EXTI3_IRQHandler                         0x08000163   Thumb Code     0  startup_stm32f10x_hd.o(.text)
    EXTI4_IRQHandler                         0x08000163   Thumb Code     0  startup_stm32f10x_hd.o(.text)
    EXTI9_5_IRQHandler                       0x08000163   Thumb Code     0  startup_stm32f10x_hd.o(.text)
    FLASH_IRQHandler                         0x08000163   Thumb Code     0  startup_stm32f10x_hd.o(.text)
    FSMC_IRQHandler                          0x08000163   Thumb Code     0  startup_stm32f10x_hd.o(.text)
    I2C1_ER_IRQHandler                       0x08000163   Thumb Code     0  startup_stm32f10x_hd.o(.text)
    I2C1_EV_IRQHandler                       0x08000163   Thumb Code     0  startup_stm32f10x_hd.o(.text)
    I2C2_ER_IRQHandler                       0x08000163   Thumb Code     0  startup_stm32f10x_hd.o(.text)
    I2C2_EV_IRQHandler                       0x08000163   Thumb Code     0  startup_stm32f10x_hd.o(.text)
    PVD_IRQHandler                           0x08000163   Thumb Code     0  startup_stm32f10x_hd.o(.text)
    RCC_IRQHandler                           0x08000163   Thumb Code     0  startup_stm32f10x_hd.o(.text)
    RTCAlarm_IRQHandler                      0x08000163   Thumb Code     0  startup_stm32f10x_hd.o(.text)
    RTC_IRQHandler                           0x08000163   Thumb Code     0  startup_stm32f10x_hd.o(.text)
    SDIO_IRQHandler                          0x08000163   Thumb Code     0  startup_stm32f10x_hd.o(.text)
    SPI1_IRQHandler                          0x08000163   Thumb Code     0  startup_stm32f10x_hd.o(.text)
    SPI2_IRQHandler                          0x08000163   Thumb Code     0  startup_stm32f10x_hd.o(.text)
    SPI3_IRQHandler                          0x08000163   Thumb Code     0  startup_stm32f10x_hd.o(.text)
    TAMPER_IRQHandler                        0x08000163   Thumb Code     0  startup_stm32f10x_hd.o(.text)
    TIM1_BRK_IRQHandler                      0x08000163   Thumb Code     0  startup_stm32f10x_hd.o(.text)
    TIM1_CC_IRQHandler                       0x08000163   Thumb Code     0  startup_stm32f10x_hd.o(.text)
    TIM1_TRG_COM_IRQHandler                  0x08000163   Thumb Code     0  startup_stm32f10x_hd.o(.text)
    TIM1_UP_IRQHandler                       0x08000163   Thumb Code     0  startup_stm32f10x_hd.o(.text)
    TIM2_IRQHandler                          0x08000163   Thumb Code     0  startup_stm32f10x_hd.o(.text)
    TIM3_IRQHandler                          0x08000163   Thumb Code     0  startup_stm32f10x_hd.o(.text)
    TIM4_IRQHandler                          0x08000163   Thumb Code     0  startup_stm32f10x_hd.o(.text)
    TIM5_IRQHandler                          0x08000163   Thumb Code     0  startup_stm32f10x_hd.o(.text)
    TIM6_IRQHandler                          0x08000163   Thumb Code     0  startup_stm32f10x_hd.o(.text)
    TIM7_IRQHandler                          0x08000163   Thumb Code     0  startup_stm32f10x_hd.o(.text)
    TIM8_BRK_IRQHandler                      0x08000163   Thumb Code     0  startup_stm32f10x_hd.o(.text)
    TIM8_CC_IRQHandler                       0x08000163   Thumb Code     0  startup_stm32f10x_hd.o(.text)
    TIM8_TRG_COM_IRQHandler                  0x08000163   Thumb Code     0  startup_stm32f10x_hd.o(.text)
    TIM8_UP_IRQHandler                       0x08000163   Thumb Code     0  startup_stm32f10x_hd.o(.text)
    UART4_IRQHandler                         0x08000163   Thumb Code     0  startup_stm32f10x_hd.o(.text)
    UART5_IRQHandler                         0x08000163   Thumb Code     0  startup_stm32f10x_hd.o(.text)
    USART1_IRQHandler                        0x08000163   Thumb Code     0  startup_stm32f10x_hd.o(.text)
    USART2_IRQHandler                        0x08000163   Thumb Code     0  startup_stm32f10x_hd.o(.text)
    USART3_IRQHandler                        0x08000163   Thumb Code     0  startup_stm32f10x_hd.o(.text)
    USBWakeUp_IRQHandler                     0x08000163   Thumb Code     0  startup_stm32f10x_hd.o(.text)
    USB_HP_CAN1_TX_IRQHandler                0x08000163   Thumb Code     0  startup_stm32f10x_hd.o(.text)
    USB_LP_CAN1_RX0_IRQHandler               0x08000163   Thumb Code     0  startup_stm32f10x_hd.o(.text)
    WWDG_IRQHandler                          0x08000163   Thumb Code     0  startup_stm32f10x_hd.o(.text)
    __aeabi_uldivmod                         0x0800016d   Thumb Code    98  uldiv.o(.text)
    __aeabi_llsl                             0x080001cf   Thumb Code    30  llshl.o(.text)
    _ll_shift_l                              0x080001cf   Thumb Code     0  llshl.o(.text)
    __aeabi_lasr                             0x080001ed   Thumb Code    36  llsshr.o(.text)
    _ll_sshift_r                             0x080001ed   Thumb Code     0  llsshr.o(.text)
    __aeabi_memcpy                           0x08000211   Thumb Code    36  memcpya.o(.text)
    __aeabi_memcpy4                          0x08000211   Thumb Code     0  memcpya.o(.text)
    __aeabi_memcpy8                          0x08000211   Thumb Code     0  memcpya.o(.text)
    __aeabi_fmul                             0x08000235   Thumb Code   100  fmul.o(.text)
    __aeabi_dadd                             0x08000299   Thumb Code   322  dadd.o(.text)
    __aeabi_dsub                             0x080003db   Thumb Code     6  dadd.o(.text)
    __aeabi_drsub                            0x080003e1   Thumb Code     6  dadd.o(.text)
    __aeabi_dmul                             0x080003e7   Thumb Code   228  dmul.o(.text)
    __aeabi_ddiv                             0x080004cb   Thumb Code   222  ddiv.o(.text)
    __aeabi_ui2f                             0x080005a9   Thumb Code    10  ffltui.o(.text)
    __aeabi_ui2d                             0x080005b3   Thumb Code    26  dfltui.o(.text)
    __aeabi_f2uiz                            0x080005cd   Thumb Code    40  ffixui.o(.text)
    __aeabi_f2d                              0x080005f5   Thumb Code    38  f2d.o(.text)
    __aeabi_cdrcmple                         0x0800061d   Thumb Code    48  cdrcmple.o(.text)
    __aeabi_d2f                              0x0800064d   Thumb Code    56  d2f.o(.text)
    __aeabi_cfrcmple                         0x08000685   Thumb Code    20  cfrcmple.o(.text)
    __aeabi_uidiv                            0x08000699   Thumb Code     0  uidiv.o(.text)
    __aeabi_uidivmod                         0x08000699   Thumb Code    44  uidiv.o(.text)
    __aeabi_llsr                             0x080006c5   Thumb Code    32  llushr.o(.text)
    _ll_ushift_r                             0x080006c5   Thumb Code     0  llushr.o(.text)
    __I$use$fp                               0x080006e5   Thumb Code     0  iusefp.o(.text)
    _float_round                             0x080006e5   Thumb Code    18  fepilogue.o(.text)
    _float_epilogue                          0x080006f7   Thumb Code    92  fepilogue.o(.text)
    _double_round                            0x08000753   Thumb Code    30  depilogue.o(.text)
    _double_epilogue                         0x08000771   Thumb Code   156  depilogue.o(.text)
    __ARM_scalbn                             0x0800080d   Thumb Code    46  dscalb.o(.text)
    scalbn                                   0x0800080d   Thumb Code     0  dscalb.o(.text)
    _dsqrt                                   0x0800083b   Thumb Code   162  dsqrt.o(.text)
    __aeabi_i2d                              0x080008dd   Thumb Code    34  dflti.o(.text)
    __aeabi_d2ulz                            0x080008ff   Thumb Code    48  dfixul.o(.text)
    __scatterload                            0x08000931   Thumb Code    28  init.o(.text)
    __scatterload_rt2                        0x08000931   Thumb Code     0  init.o(.text)
    __decompress                             0x08000955   Thumb Code     0  __dczerorl2.o(.text)
    __decompress1                            0x08000955   Thumb Code    86  __dczerorl2.o(.text)
    ADC_Cmd                                  0x080009ab   Thumb Code    22  stm32f10x_adc.o(i.ADC_Cmd)
    ADC_GetCalibrationStatus                 0x080009c1   Thumb Code    20  stm32f10x_adc.o(i.ADC_GetCalibrationStatus)
    ADC_GetConversionValue                   0x080009d5   Thumb Code     8  stm32f10x_adc.o(i.ADC_GetConversionValue)
    ADC_GetFlagStatus                        0x080009dd   Thumb Code    18  stm32f10x_adc.o(i.ADC_GetFlagStatus)
    ADC_Init                                 0x080009f1   Thumb Code    70  stm32f10x_adc.o(i.ADC_Init)
    ADC_RegularChannelConfig                 0x08000a41   Thumb Code   184  stm32f10x_adc.o(i.ADC_RegularChannelConfig)
    ADC_SoftwareStartConvCmd                 0x08000af9   Thumb Code    22  stm32f10x_adc.o(i.ADC_SoftwareStartConvCmd)
    ADC_StartCalibration                     0x08000b0f   Thumb Code    10  stm32f10x_adc.o(i.ADC_StartCalibration)
    BusFault_Handler                         0x08000b19   Thumb Code     4  stm32f10x_it.o(i.BusFault_Handler)
    Buzzer_Init                              0x08000b1d   Thumb Code    50  beep.o(i.Buzzer_Init)
    DebugMon_Handler                         0x08000b55   Thumb Code     2  stm32f10x_it.o(i.DebugMon_Handler)
    Delay                                    0x08000b59   Thumb Code    96  beep.o(i.Delay)
    Dta_time                                 0x08000bbd   Thumb Code    82  solid.o(i.Dta_time)
    GPIO_Init                                0x08000c15   Thumb Code   278  stm32f10x_gpio.o(i.GPIO_Init)
    GPIO_ReadInputDataBit                    0x08000d2b   Thumb Code    18  stm32f10x_gpio.o(i.GPIO_ReadInputDataBit)
    GPIO_ResetBits                           0x08000d3d   Thumb Code     4  stm32f10x_gpio.o(i.GPIO_ResetBits)
    GPIO_SetBits                             0x08000d41   Thumb Code     4  stm32f10x_gpio.o(i.GPIO_SetBits)
    HardFault_Handler                        0x08000d45   Thumb Code     4  stm32f10x_it.o(i.HardFault_Handler)
    IIC_Start                                0x08000d49   Thumb Code    44  oled.o(i.IIC_Start)
    IIC_Stop                                 0x08000d79   Thumb Code    34  oled.o(i.IIC_Stop)
    IIC_Wait_Ack                             0x08000da1   Thumb Code    24  oled.o(i.IIC_Wait_Ack)
    InitADC1_15                              0x08000dbd   Thumb Code    86  solid.o(i.InitADC1_15)
    MemManage_Handler                        0x08000e19   Thumb Code     4  stm32f10x_it.o(i.MemManage_Handler)
    MotorEn_Init                             0x08000e1d   Thumb Code    60  mator.o(i.MotorEn_Init)
    NMI_Handler                              0x08000e5d   Thumb Code     2  stm32f10x_it.o(i.NMI_Handler)
    OLED_Clear                               0x08000e5f   Thumb Code    56  oled.o(i.OLED_Clear)
    OLED_Cmd                                 0x08000e97   Thumb Code    44  oled.o(i.OLED_Cmd)
    OLED_Data                                0x08000ec3   Thumb Code    44  oled.o(i.OLED_Data)
    OLED_Delay                               0x08000eef   Thumb Code    26  oled.o(i.OLED_Delay)
    OLED_Init                                0x08000f09   Thumb Code   270  oled.o(i.OLED_Init)
    OLED_Set_Pos                             0x0800101d   Thumb Code    36  oled.o(i.OLED_Set_Pos)
    OLED_ShowChar                            0x08001041   Thumb Code    90  oled.o(i.OLED_ShowChar)
    OLED_ShowPicture                         0x080010a1   Thumb Code   120  oled.o(i.OLED_ShowPicture)
    OLED_ShowString                          0x08001119   Thumb Code    54  oled.o(i.OLED_ShowString)
    PEC_Calculation                          0x0800114f   Thumb Code   186  mlx90614.o(i.PEC_Calculation)
    Play                                     0x08001209   Thumb Code   130  beep.o(i.Play)
    RCC_ADCCLKConfig                         0x08001291   Thumb Code    18  stm32f10x_rcc.o(i.RCC_ADCCLKConfig)
    RCC_APB1PeriphClockCmd                   0x080012a9   Thumb Code    26  stm32f10x_rcc.o(i.RCC_APB1PeriphClockCmd)
    RCC_APB2PeriphClockCmd                   0x080012c9   Thumb Code    26  stm32f10x_rcc.o(i.RCC_APB2PeriphClockCmd)
    RCC_GetClocksFreq                        0x080012e9   Thumb Code   192  stm32f10x_rcc.o(i.RCC_GetClocksFreq)
    Reset_Mator                              0x080013bd   Thumb Code     8  mator.o(i.Reset_Mator)
    SMBus_Delay                              0x080013c5   Thumb Code    26  mlx90614.o(i.SMBus_Delay)
    SMBus_Init                               0x080013e1   Thumb Code    50  mlx90614.o(i.SMBus_Init)
    SMBus_ReadMemory                         0x08001419   Thumb Code   166  mlx90614.o(i.SMBus_ReadMemory)
    SMBus_ReadTemp                           0x080014c1   Thumb Code    50  mlx90614.o(i.SMBus_ReadTemp)
    SMBus_ReceiveBit                         0x08001501   Thumb Code    62  mlx90614.o(i.SMBus_ReceiveBit)
    SMBus_ReceiveByte                        0x08001545   Thumb Code    50  mlx90614.o(i.SMBus_ReceiveByte)
    SMBus_SendBit                            0x08001579   Thumb Code    56  mlx90614.o(i.SMBus_SendBit)
    SMBus_SendByte                           0x080015b5   Thumb Code    48  mlx90614.o(i.SMBus_SendByte)
    SMBus_StartBit                           0x080015e5   Thumb Code    56  mlx90614.o(i.SMBus_StartBit)
    SMBus_StopBit                            0x08001621   Thumb Code    50  mlx90614.o(i.SMBus_StopBit)
    SVC_Handler                              0x08001659   Thumb Code     2  stm32f10x_it.o(i.SVC_Handler)
    Set_Mator                                0x08001745   Thumb Code    18  mator.o(i.Set_Mator)
    SystemInit                               0x0800175d   Thumb Code    78  system_stm32f10x_1.o(i.SystemInit)
    TIM_ClearFlag                            0x080017bd   Thumb Code     6  stm32f10x_tim.o(i.TIM_ClearFlag)
    TIM_Cmd                                  0x080017c3   Thumb Code    24  stm32f10x_tim.o(i.TIM_Cmd)
    TIM_GetFlagStatus                        0x080017db   Thumb Code    18  stm32f10x_tim.o(i.TIM_GetFlagStatus)
    TIM_SetCounter                           0x080017ed   Thumb Code     4  stm32f10x_tim.o(i.TIM_SetCounter)
    TIM_TimeBaseInit                         0x080017f1   Thumb Code   122  stm32f10x_tim.o(i.TIM_TimeBaseInit)
    USART_ClearFlag                          0x08001895   Thumb Code    18  stm32f10x_usart.o(i.USART_ClearFlag)
    USART_Cmd                                0x080018a7   Thumb Code    24  stm32f10x_usart.o(i.USART_Cmd)
    USART_Init                               0x080018c1   Thumb Code   210  stm32f10x_usart.o(i.USART_Init)
    UsageFault_Handler                       0x08001999   Thumb Code     4  stm32f10x_it.o(i.UsageFault_Handler)
    Usart1_Init                              0x0800199d   Thumb Code   120  usart.o(i.Usart1_Init)
    Write_IIC_Byte                           0x08001a1d   Thumb Code    80  oled.o(i.Write_IIC_Byte)
    __0printf                                0x08001a71   Thumb Code    22  printfa.o(i.__0printf)
    __1printf                                0x08001a71   Thumb Code     0  printfa.o(i.__0printf)
    __2printf                                0x08001a71   Thumb Code     0  printfa.o(i.__0printf)
    __c89printf                              0x08001a71   Thumb Code     0  printfa.o(i.__0printf)
    printf                                   0x08001a71   Thumb Code     0  printfa.o(i.__0printf)
    __0sprintf                               0x08001a91   Thumb Code    34  printfa.o(i.__0sprintf)
    __1sprintf                               0x08001a91   Thumb Code     0  printfa.o(i.__0sprintf)
    __2sprintf                               0x08001a91   Thumb Code     0  printfa.o(i.__0sprintf)
    __c89sprintf                             0x08001a91   Thumb Code     0  printfa.o(i.__0sprintf)
    sprintf                                  0x08001a91   Thumb Code     0  printfa.o(i.__0sprintf)
    __ARM_fpclassify                         0x08001ab9   Thumb Code    40  fpclassify.o(i.__ARM_fpclassify)
    __kernel_poly                            0x08001ae1   Thumb Code   170  poly.o(i.__kernel_poly)
    __mathlib_dbl_divzero                    0x08001b8d   Thumb Code    12  dunder.o(i.__mathlib_dbl_divzero)
    __mathlib_dbl_infnan2                    0x08001b9d   Thumb Code     4  dunder.o(i.__mathlib_dbl_infnan2)
    __mathlib_dbl_invalid                    0x08001ba1   Thumb Code    12  dunder.o(i.__mathlib_dbl_invalid)
    __mathlib_dbl_overflow                   0x08001bad   Thumb Code    14  dunder.o(i.__mathlib_dbl_overflow)
    __mathlib_dbl_underflow                  0x08001bbd   Thumb Code    10  dunder.o(i.__mathlib_dbl_underflow)
    __scatterload_copy                       0x08001bcd   Thumb Code    14  handlers.o(i.__scatterload_copy)
    __scatterload_null                       0x08001bdb   Thumb Code     2  handlers.o(i.__scatterload_null)
    __scatterload_zeroinit                   0x08001bdd   Thumb Code    14  handlers.o(i.__scatterload_zeroinit)
    __set_errno                              0x08001bed   Thumb Code     6  errno.o(i.__set_errno)
    fputc                                    0x0800248d   Thumb Code    24  usart.o(i.fputc)
    main                                     0x080024a9   Thumb Code   936  main.o(i.main)
    pow                                      0x08002929   Thumb Code  2512  pow.o(i.pow)
    sqrt                                     0x08003301   Thumb Code    76  sqrt.o(i.sqrt)
    tip_warnings_init                        0x0800334d   Thumb Code    74  beep.o(i.tip_warnings_init)
    F6x8                                     0x0800339c   Data         552  oled.o(.constdata)
    F8X16                                    0x080035c4   Data        1520  oled.o(.constdata)
    __mathlib_zero                           0x08003c98   Data           8  qnan.o(.constdata)
    Region$$Table$$Base                      0x08003ca0   Number         0  anon$$obj.o(Region$$Table)
    Region$$Table$$Limit                     0x08003cc0   Number         0  anon$$obj.o(Region$$Table)
    __stdout                                 0x20000014   Data           4  usart.o(.data)
    Solid_warning                            0x20000018   Data         472  bmp.o(.data)
    fire_warning                             0x200001f0   Data         504  bmp.o(.data)
    temperature                              0x200003e8   Data         508  bmp.o(.data)
    temper                                   0x200005e4   Data          66  bmp.o(.data)
    du                                       0x20000626   Data          32  bmp.o(.data)
    None                                     0x2000064c   Data         472  bmp.o(.bss)
    None_Fire                                0x20000824   Data         504  bmp.o(.bss)
    __initial_sp                             0x20000e20   Data           0  startup_stm32f10x_hd.o(STACK)



==============================================================================

Memory Map of the image

  Image Entry point : 0x08000131

  Load Region LR_IROM1 (Base: 0x08000000, Size: 0x0000430c, Max: 0x00040000, ABSOLUTE, COMPRESSED[0x00003fd0])

    Execution Region ER_IROM1 (Exec base: 0x08000000, Load base: 0x08000000, Size: 0x00003cc0, Max: 0x00040000, ABSOLUTE)

    Exec Addr    Load Addr    Size         Type   Attr      Idx    E Section Name        Object

    0x08000000   0x08000000   0x00000130   Data   RO         8445    RESET               startup_stm32f10x_hd.o
    0x08000130   0x08000130   0x00000000   Code   RO         8524  * .ARM.Collect$$$$00000000  mc_w.l(entry.o)
    0x08000130   0x08000130   0x00000004   Code   RO         8873    .ARM.Collect$$$$00000001  mc_w.l(entry2.o)
    0x08000134   0x08000134   0x00000004   Code   RO         8876    .ARM.Collect$$$$00000004  mc_w.l(entry5.o)
    0x08000138   0x08000138   0x00000000   Code   RO         8878    .ARM.Collect$$$$00000008  mc_w.l(entry7b.o)
    0x08000138   0x08000138   0x00000000   Code   RO         8880    .ARM.Collect$$$$0000000A  mc_w.l(entry8b.o)
    0x08000138   0x08000138   0x00000008   Code   RO         8881    .ARM.Collect$$$$0000000B  mc_w.l(entry9a.o)
    0x08000140   0x08000140   0x00000004   Code   RO         8888    .ARM.Collect$$$$0000000E  mc_w.l(entry12b.o)
    0x08000144   0x08000144   0x00000000   Code   RO         8883    .ARM.Collect$$$$0000000F  mc_w.l(entry10a.o)
    0x08000144   0x08000144   0x00000000   Code   RO         8885    .ARM.Collect$$$$00000011  mc_w.l(entry11a.o)
    0x08000144   0x08000144   0x00000004   Code   RO         8874    .ARM.Collect$$$$00002712  mc_w.l(entry2.o)
    0x08000148   0x08000148   0x00000024   Code   RO         8446    .text               startup_stm32f10x_hd.o
    0x0800016c   0x0800016c   0x00000062   Code   RO         8527    .text               mc_w.l(uldiv.o)
    0x080001ce   0x080001ce   0x0000001e   Code   RO         8531    .text               mc_w.l(llshl.o)
    0x080001ec   0x080001ec   0x00000024   Code   RO         8533    .text               mc_w.l(llsshr.o)
    0x08000210   0x08000210   0x00000024   Code   RO         8535    .text               mc_w.l(memcpya.o)
    0x08000234   0x08000234   0x00000064   Code   RO         8804    .text               mf_w.l(fmul.o)
    0x08000298   0x08000298   0x0000014e   Code   RO         8808    .text               mf_w.l(dadd.o)
    0x080003e6   0x080003e6   0x000000e4   Code   RO         8810    .text               mf_w.l(dmul.o)
    0x080004ca   0x080004ca   0x000000de   Code   RO         8812    .text               mf_w.l(ddiv.o)
    0x080005a8   0x080005a8   0x0000000a   Code   RO         8816    .text               mf_w.l(ffltui.o)
    0x080005b2   0x080005b2   0x0000001a   Code   RO         8818    .text               mf_w.l(dfltui.o)
    0x080005cc   0x080005cc   0x00000028   Code   RO         8822    .text               mf_w.l(ffixui.o)
    0x080005f4   0x080005f4   0x00000026   Code   RO         8826    .text               mf_w.l(f2d.o)
    0x0800061a   0x0800061a   0x00000002   PAD
    0x0800061c   0x0800061c   0x00000030   Code   RO         8830    .text               mf_w.l(cdrcmple.o)
    0x0800064c   0x0800064c   0x00000038   Code   RO         8832    .text               mf_w.l(d2f.o)
    0x08000684   0x08000684   0x00000014   Code   RO         8836    .text               mf_w.l(cfrcmple.o)
    0x08000698   0x08000698   0x0000002c   Code   RO         8889    .text               mc_w.l(uidiv.o)
    0x080006c4   0x080006c4   0x00000020   Code   RO         8891    .text               mc_w.l(llushr.o)
    0x080006e4   0x080006e4   0x00000000   Code   RO         8900    .text               mc_w.l(iusefp.o)
    0x080006e4   0x080006e4   0x0000006e   Code   RO         8901    .text               mf_w.l(fepilogue.o)
    0x08000752   0x08000752   0x000000ba   Code   RO         8909    .text               mf_w.l(depilogue.o)
    0x0800080c   0x0800080c   0x0000002e   Code   RO         8911    .text               mf_w.l(dscalb.o)
    0x0800083a   0x0800083a   0x000000a2   Code   RO         8913    .text               mf_w.l(dsqrt.o)
    0x080008dc   0x080008dc   0x00000022   Code   RO         8915    .text               mf_w.l(dflti.o)
    0x080008fe   0x080008fe   0x00000030   Code   RO         8917    .text               mf_w.l(dfixul.o)
    0x0800092e   0x0800092e   0x00000002   PAD
    0x08000930   0x08000930   0x00000024   Code   RO         8923    .text               mc_w.l(init.o)
    0x08000954   0x08000954   0x00000056   Code   RO         8933    .text               mc_w.l(__dczerorl2.o)
    0x080009aa   0x080009aa   0x00000016   Code   RO          242    i.ADC_Cmd           stm32f10x_adc.o
    0x080009c0   0x080009c0   0x00000014   Code   RO          250    i.ADC_GetCalibrationStatus  stm32f10x_adc.o
    0x080009d4   0x080009d4   0x00000008   Code   RO          251    i.ADC_GetConversionValue  stm32f10x_adc.o
    0x080009dc   0x080009dc   0x00000012   Code   RO          253    i.ADC_GetFlagStatus  stm32f10x_adc.o
    0x080009ee   0x080009ee   0x00000002   PAD
    0x080009f0   0x080009f0   0x00000050   Code   RO          260    i.ADC_Init          stm32f10x_adc.o
    0x08000a40   0x08000a40   0x000000b8   Code   RO          264    i.ADC_RegularChannelConfig  stm32f10x_adc.o
    0x08000af8   0x08000af8   0x00000016   Code   RO          267    i.ADC_SoftwareStartConvCmd  stm32f10x_adc.o
    0x08000b0e   0x08000b0e   0x0000000a   Code   RO          269    i.ADC_StartCalibration  stm32f10x_adc.o
    0x08000b18   0x08000b18   0x00000004   Code   RO          104    i.BusFault_Handler  stm32f10x_it.o
    0x08000b1c   0x08000b1c   0x00000038   Code   RO         3339    i.Buzzer_Init       beep.o
    0x08000b54   0x08000b54   0x00000002   Code   RO          105    i.DebugMon_Handler  stm32f10x_it.o
    0x08000b56   0x08000b56   0x00000002   PAD
    0x08000b58   0x08000b58   0x00000064   Code   RO         3340    i.Delay             beep.o
    0x08000bbc   0x08000bbc   0x00000058   Code   RO         3373    i.Dta_time          solid.o
    0x08000c14   0x08000c14   0x00000116   Code   RO         1369    i.GPIO_Init         stm32f10x_gpio.o
    0x08000d2a   0x08000d2a   0x00000012   Code   RO         1373    i.GPIO_ReadInputDataBit  stm32f10x_gpio.o
    0x08000d3c   0x08000d3c   0x00000004   Code   RO         1376    i.GPIO_ResetBits    stm32f10x_gpio.o
    0x08000d40   0x08000d40   0x00000004   Code   RO         1377    i.GPIO_SetBits      stm32f10x_gpio.o
    0x08000d44   0x08000d44   0x00000004   Code   RO          106    i.HardFault_Handler  stm32f10x_it.o
    0x08000d48   0x08000d48   0x00000030   Code   RO         3200    i.IIC_Start         oled.o
    0x08000d78   0x08000d78   0x00000028   Code   RO         3201    i.IIC_Stop          oled.o
    0x08000da0   0x08000da0   0x0000001c   Code   RO         3202    i.IIC_Wait_Ack      oled.o
    0x08000dbc   0x08000dbc   0x0000005c   Code   RO         3374    i.InitADC1_15       solid.o
    0x08000e18   0x08000e18   0x00000004   Code   RO          107    i.MemManage_Handler  stm32f10x_it.o
    0x08000e1c   0x08000e1c   0x00000040   Code   RO         3397    i.MotorEn_Init      mator.o
    0x08000e5c   0x08000e5c   0x00000002   Code   RO          108    i.NMI_Handler       stm32f10x_it.o
    0x08000e5e   0x08000e5e   0x00000038   Code   RO         3203    i.OLED_Clear        oled.o
    0x08000e96   0x08000e96   0x0000002c   Code   RO         3204    i.OLED_Cmd          oled.o
    0x08000ec2   0x08000ec2   0x0000002c   Code   RO         3205    i.OLED_Data         oled.o
    0x08000eee   0x08000eee   0x0000001a   Code   RO         3206    i.OLED_Delay        oled.o
    0x08000f08   0x08000f08   0x00000114   Code   RO         3209    i.OLED_Init         oled.o
    0x0800101c   0x0800101c   0x00000024   Code   RO         3210    i.OLED_Set_Pos      oled.o
    0x08001040   0x08001040   0x00000060   Code   RO         3211    i.OLED_ShowChar     oled.o
    0x080010a0   0x080010a0   0x00000078   Code   RO         3212    i.OLED_ShowPicture  oled.o
    0x08001118   0x08001118   0x00000036   Code   RO         3213    i.OLED_ShowString   oled.o
    0x0800114e   0x0800114e   0x000000ba   Code   RO         3492    i.PEC_Calculation   mlx90614.o
    0x08001208   0x08001208   0x00000088   Code   RO         3341    i.Play              beep.o
    0x08001290   0x08001290   0x00000018   Code   RO         1789    i.RCC_ADCCLKConfig  stm32f10x_rcc.o
    0x080012a8   0x080012a8   0x00000020   Code   RO         1791    i.RCC_APB1PeriphClockCmd  stm32f10x_rcc.o
    0x080012c8   0x080012c8   0x00000020   Code   RO         1793    i.RCC_APB2PeriphClockCmd  stm32f10x_rcc.o
    0x080012e8   0x080012e8   0x000000d4   Code   RO         1801    i.RCC_GetClocksFreq  stm32f10x_rcc.o
    0x080013bc   0x080013bc   0x00000008   Code   RO         3398    i.Reset_Mator       mator.o
    0x080013c4   0x080013c4   0x0000001a   Code   RO         3493    i.SMBus_Delay       mlx90614.o
    0x080013de   0x080013de   0x00000002   PAD
    0x080013e0   0x080013e0   0x00000038   Code   RO         3494    i.SMBus_Init        mlx90614.o
    0x08001418   0x08001418   0x000000a6   Code   RO         3495    i.SMBus_ReadMemory  mlx90614.o
    0x080014be   0x080014be   0x00000002   PAD
    0x080014c0   0x080014c0   0x00000040   Code   RO         3496    i.SMBus_ReadTemp    mlx90614.o
    0x08001500   0x08001500   0x00000044   Code   RO         3497    i.SMBus_ReceiveBit  mlx90614.o
    0x08001544   0x08001544   0x00000032   Code   RO         3498    i.SMBus_ReceiveByte  mlx90614.o
    0x08001576   0x08001576   0x00000002   PAD
    0x08001578   0x08001578   0x0000003c   Code   RO         3499    i.SMBus_SendBit     mlx90614.o
    0x080015b4   0x080015b4   0x00000030   Code   RO         3500    i.SMBus_SendByte    mlx90614.o
    0x080015e4   0x080015e4   0x0000003c   Code   RO         3501    i.SMBus_StartBit    mlx90614.o
    0x08001620   0x08001620   0x00000038   Code   RO         3502    i.SMBus_StopBit     mlx90614.o
    0x08001658   0x08001658   0x00000002   Code   RO          109    i.SVC_Handler       stm32f10x_it.o
    0x0800165a   0x0800165a   0x00000008   Code   RO          166    i.SetSysClock       system_stm32f10x_1.o
    0x08001662   0x08001662   0x00000002   PAD
    0x08001664   0x08001664   0x000000e0   Code   RO          167    i.SetSysClockTo72   system_stm32f10x_1.o
    0x08001744   0x08001744   0x00000018   Code   RO         3399    i.Set_Mator         mator.o
    0x0800175c   0x0800175c   0x00000060   Code   RO          169    i.SystemInit        system_stm32f10x_1.o
    0x080017bc   0x080017bc   0x00000006   Code   RO         2425    i.TIM_ClearFlag     stm32f10x_tim.o
    0x080017c2   0x080017c2   0x00000018   Code   RO         2431    i.TIM_Cmd           stm32f10x_tim.o
    0x080017da   0x080017da   0x00000012   Code   RO         2451    i.TIM_GetFlagStatus  stm32f10x_tim.o
    0x080017ec   0x080017ec   0x00000004   Code   RO         2496    i.TIM_SetCounter    stm32f10x_tim.o
    0x080017f0   0x080017f0   0x000000a4   Code   RO         2502    i.TIM_TimeBaseInit  stm32f10x_tim.o
    0x08001894   0x08001894   0x00000012   Code   RO         2963    i.USART_ClearFlag   stm32f10x_usart.o
    0x080018a6   0x080018a6   0x00000018   Code   RO         2967    i.USART_Cmd         stm32f10x_usart.o
    0x080018be   0x080018be   0x00000002   PAD
    0x080018c0   0x080018c0   0x000000d8   Code   RO         2974    i.USART_Init        stm32f10x_usart.o
    0x08001998   0x08001998   0x00000004   Code   RO          110    i.UsageFault_Handler  stm32f10x_it.o
    0x0800199c   0x0800199c   0x00000080   Code   RO         3439    i.Usart1_Init       usart.o
    0x08001a1c   0x08001a1c   0x00000054   Code   RO         3215    i.Write_IIC_Byte    oled.o
    0x08001a70   0x08001a70   0x00000020   Code   RO         8774    i.__0printf         mc_w.l(printfa.o)
    0x08001a90   0x08001a90   0x00000028   Code   RO         8776    i.__0sprintf        mc_w.l(printfa.o)
    0x08001ab8   0x08001ab8   0x00000028   Code   RO         8852    i.__ARM_fpclassify  m_ws.l(fpclassify.o)
    0x08001ae0   0x08001ae0   0x000000aa   Code   RO         8870    i.__kernel_poly     m_ws.l(poly.o)
    0x08001b8a   0x08001b8a   0x00000002   PAD
    0x08001b8c   0x08001b8c   0x00000010   Code   RO         8838    i.__mathlib_dbl_divzero  m_ws.l(dunder.o)
    0x08001b9c   0x08001b9c   0x00000004   Code   RO         8840    i.__mathlib_dbl_infnan2  m_ws.l(dunder.o)
    0x08001ba0   0x08001ba0   0x0000000c   Code   RO         8841    i.__mathlib_dbl_invalid  m_ws.l(dunder.o)
    0x08001bac   0x08001bac   0x0000000e   Code   RO         8842    i.__mathlib_dbl_overflow  m_ws.l(dunder.o)
    0x08001bba   0x08001bba   0x00000002   PAD
    0x08001bbc   0x08001bbc   0x00000010   Code   RO         8844    i.__mathlib_dbl_underflow  m_ws.l(dunder.o)
    0x08001bcc   0x08001bcc   0x0000000e   Code   RO         8927    i.__scatterload_copy  mc_w.l(handlers.o)
    0x08001bda   0x08001bda   0x00000002   Code   RO         8928    i.__scatterload_null  mc_w.l(handlers.o)
    0x08001bdc   0x08001bdc   0x0000000e   Code   RO         8929    i.__scatterload_zeroinit  mc_w.l(handlers.o)
    0x08001bea   0x08001bea   0x00000002   PAD
    0x08001bec   0x08001bec   0x0000000c   Code   RO         8895    i.__set_errno       mc_w.l(errno.o)
    0x08001bf8   0x08001bf8   0x00000184   Code   RO         8781    i._fp_digits        mc_w.l(printfa.o)
    0x08001d7c   0x08001d7c   0x000006b4   Code   RO         8782    i._printf_core      mc_w.l(printfa.o)
    0x08002430   0x08002430   0x00000024   Code   RO         8783    i._printf_post_padding  mc_w.l(printfa.o)
    0x08002454   0x08002454   0x0000002e   Code   RO         8784    i._printf_pre_padding  mc_w.l(printfa.o)
    0x08002482   0x08002482   0x0000000a   Code   RO         8786    i._sputc            mc_w.l(printfa.o)
    0x0800248c   0x0800248c   0x0000001c   Code   RO         3441    i.fputc             usart.o
    0x080024a8   0x080024a8   0x00000480   Code   RO            1    i.main              main.o
    0x08002928   0x08002928   0x000009d8   Code   RO         8481    i.pow               m_ws.l(pow.o)
    0x08003300   0x08003300   0x0000004c   Code   RO         8501    i.sqrt              m_ws.l(sqrt.o)
    0x0800334c   0x0800334c   0x00000050   Code   RO         3342    i.tip_warnings_init  beep.o
    0x0800339c   0x0800339c   0x00000818   Data   RO         3216    .constdata          oled.o
    0x08003bb4   0x08003bb4   0x00000058   Data   RO         3343    .constdata          beep.o
    0x08003c0c   0x08003c0c   0x00000004   PAD
    0x08003c10   0x08003c10   0x00000088   Data   RO         8482    .constdata          m_ws.l(pow.o)
    0x08003c98   0x08003c98   0x00000008   Data   RO         8872    .constdata          m_ws.l(qnan.o)
    0x08003ca0   0x08003ca0   0x00000020   Data   RO         8925    Region$$Table       anon$$obj.o


    Execution Region RW_IRAM1 (Exec base: 0x20000000, Load base: 0x08003cc0, Size: 0x00000e20, Max: 0x0000c000, ABSOLUTE, COMPRESSED[0x00000310])

    Exec Addr    Load Addr    Size         Type   Attr      Idx    E Section Name        Object

    0x20000000   COMPRESSED   0x00000014   Data   RW         1821    .data               stm32f10x_rcc.o
    0x20000014   COMPRESSED   0x00000004   Data   RW         3443    .data               usart.o
    0x20000018   COMPRESSED   0x0000062e   Data   RW         3480    .data               bmp.o
    0x20000646   COMPRESSED   0x00000002   PAD
    0x20000648   COMPRESSED   0x00000004   Data   RW         8896    .data               mc_w.l(errno.o)
    0x2000064c        -       0x000003d0   Zero   RW         3479    .bss                bmp.o
    0x20000a1c   COMPRESSED   0x00000004   PAD
    0x20000a20        -       0x00000400   Zero   RW         8443    STACK               startup_stm32f10x_hd.o


==============================================================================

Image component sizes


      Code (inc. data)   RO Data    RW Data    ZI Data      Debug   Object Name

       372         22         88          0          0       2221   beep.o
         0          0          0       1582        976        746   bmp.o
         0          0          0          0          0         32   core_cm3.o
      1152        216          0          0          0     263419   main.o
        96         10          0          0          0       1317   mator.o
       840         40          0          0          0       6678   mlx90614.o
       952         30       2072          0          0       7657   oled.o
       180         12          0          0          0       1069   solid.o
        36          8        304          0       1024        804   startup_stm32f10x_hd.o
       364         10          0          0          0       6850   stm32f10x_adc.o
       304          0          0          0          0       3616   stm32f10x_gpio.o
        22          0          0          0          0       2771   stm32f10x_it.o
       300         38          0         20          0       4925   stm32f10x_rcc.o
       216         42          0          0          0       3374   stm32f10x_tim.o
       258          6          0          0          0       3371   stm32f10x_usart.o
       328         28          0          0          0       1909   system_stm32f10x_1.o
       156         12          0          4          0       2852   usart.o

    ----------------------------------------------------------------------
      5590        474       2500       1608       2004     313611   Object Totals
         0          0         32          0          0          0   (incl. Generated)
        14          0          4          2          4          0   (incl. Padding)

    ----------------------------------------------------------------------

      Code (inc. data)   RO Data    RW Data    ZI Data      Debug   Library Member Name

        62         10          0          0          0        340   dunder.o
        40          0          0          0          0         68   fpclassify.o
       170          0          0          0          0         96   poly.o
      2520        190        136          0          0        324   pow.o
         0          0          8          0          0          0   qnan.o
        76          0          0          0          0         84   sqrt.o
        86          0          0          0          0          0   __dczerorl2.o
         0          0          0          0          0          0   entry.o
         0          0          0          0          0          0   entry10a.o
         0          0          0          0          0          0   entry11a.o
         4          0          0          0          0          0   entry12b.o
         8          4          0          0          0          0   entry2.o
         4          0          0          0          0          0   entry5.o
         0          0          0          0          0          0   entry7b.o
         0          0          0          0          0          0   entry8b.o
         8          4          0          0          0          0   entry9a.o
        12          6          0          4          0         68   errno.o
        30          0          0          0          0          0   handlers.o
        36          8          0          0          0         68   init.o
         0          0          0          0          0          0   iusefp.o
        30          0          0          0          0         68   llshl.o
        36          0          0          0          0         68   llsshr.o
        32          0          0          0          0         68   llushr.o
        36          0          0          0          0         68   memcpya.o
      2268         96          0          0          0        616   printfa.o
        44          0          0          0          0         80   uidiv.o
        98          0          0          0          0         92   uldiv.o
        48          0          0          0          0         68   cdrcmple.o
        20          0          0          0          0         68   cfrcmple.o
        56          0          0          0          0         88   d2f.o
       334          0          0          0          0        148   dadd.o
       222          0          0          0          0        100   ddiv.o
       186          0          0          0          0        176   depilogue.o
        48          0          0          0          0         68   dfixul.o
        34          0          0          0          0         76   dflti.o
        26          0          0          0          0         76   dfltui.o
       228          0          0          0          0         96   dmul.o
        46          0          0          0          0         80   dscalb.o
       162          0          0          0          0        100   dsqrt.o
        38          0          0          0          0         68   f2d.o
       110          0          0          0          0        168   fepilogue.o
        40          0          0          0          0         68   ffixui.o
        10          0          0          0          0         68   ffltui.o
       100          0          0          0          0         76   fmul.o

    ----------------------------------------------------------------------
      7318        318        144          4          0       3700   Library Totals
        10          0          0          0          0          0   (incl. Padding)

    ----------------------------------------------------------------------

      Code (inc. data)   RO Data    RW Data    ZI Data      Debug   Library Name

      2868        200        144          0          0        912   m_ws.l
      2732        118          0          4          0       1196   mc_w.l
      1708          0          0          0          0       1592   mf_w.l

    ----------------------------------------------------------------------
      7318        318        144          4          0       3700   Library Totals

    ----------------------------------------------------------------------

==============================================================================


      Code (inc. data)   RO Data    RW Data    ZI Data      Debug   

     12908        792       2644       1612       2004     312083   Grand Totals
     12908        792       2644        784       2004     312083   ELF Image Totals (compressed)
     12908        792       2644        784          0          0   ROM Totals

==============================================================================

    Total RO  Size (Code + RO Data)                15552 (  15.19kB)
    Total RW  Size (RW Data + ZI Data)              3616 (   3.53kB)
    Total ROM Size (Code + RO Data + RW Data)      16336 (  15.95kB)

==============================================================================

