<html>
<body>
<pre>
<h1>µVision Build Log</h1>
<h2>Tool Versions:</h2>
IDE-Version: ¦ÌVision V5.35.0.0
Copyright (C) 2021 ARM Ltd and ARM Germany GmbH. All rights reserved.
License Information: 1daef Atul, avertutr, LIC=PE7DL-05PD4-GKIBG-V57T6-B1KV3-E1PM2
 
Tool Versions:
Toolchain:       MDK-ARM Plus  Version: 5.35.0.2
Toolchain Path:  D:\keil5_35\Keil_v5\ARM\ARMCC\Bin
C Compiler:      Armcc.exe V5.06 update 7 (build 960)
Assembler:       Armasm.exe V5.06 update 7 (build 960)
Linker/Locator:  ArmLink.exe V5.06 update 7 (build 960)
Library Manager: ArmAr.exe V5.06 update 7 (build 960)
Hex Converter:   FromElf.exe V5.06 update 7 (build 960)
CPU DLL:         SARMCM3.DLL V5.35.0.2
Dialog DLL:      DCM.DLL V1.17.3.0
Target DLL:      CMSIS_AGDI.dll V1.33.0.0
Dialog DLL:      TCM.DLL V1.53.0.0
 
<h2>Project:</h2>
C:\Users\Atul\Desktop\video\inspect_car\car.uvprojx
Project File Date:  08/06/2022

<h2>Output:</h2>
*** Using Compiler 'V5.06 update 7 (build 960)', folder: 'D:\keil5_35\Keil_v5\ARM\ARMCC\Bin'
Build target 'Target 1'
Note: source file '.\CMSIS\DeviceSupport\ST\STM32F10x\system_stm32f10x.c' - object file renamed from '.\Objects\system_stm32f10x.o' to '.\Objects\system_stm32f10x_1.o'.
Note: source file 'RTE\Device\STM32F103RC\system_stm32f10x.c' - object file renamed from '.\Objects\system_stm32f10x.o' to '.\Objects\system_stm32f10x_1.o'.
compiling main.c...
.\Hardware\BEEP\beep.h(38): warning:  #1-D: last line of file ends without a newline
  #endif
.\Hardware\bmp\bmp.h(17): warning:  #1-D: last line of file ends without a newline
  #endif
.\Hardware\FIRE\fire.h(53): warning:  #1-D: last line of file ends without a newline
  #endif
.\Hardware\Mator\Mator.h(23): warning:  #1-D: last line of file ends without a newline
  		
.\System\Delay_ms\Delay_ms.h(19): warning:  #1-D: last line of file ends without a newline
  #endif 
.\Hardware\Solid\Solid.h(41): warning:  #1-D: last line of file ends without a newline
  */
APP\main.c(100): warning:  #177-D: variable "k"  was declared but never referenced
  					int k;
APP\main.c(129): warning:  #177-D: variable "k"  was declared but never referenced
  							int k;
APP\main.c(141): warning:  #177-D: variable "k"  was declared but never referenced
  							int k;
APP\main.c(164): warning:  #177-D: variable "k"  was declared but never referenced
  							int k;
APP\main.c(176): warning:  #177-D: variable "k"  was declared but never referenced
  							int k;
APP\main.c: 11 warnings, 0 errors
linking...
.\Objects\car.axf: Warning: L6304W: Duplicate input file .\objects\system_stm32f10x_1.o ignored.
Program Size: Code=12908 RO-data=2644 RW-data=1612 ZI-data=2004  
Finished: 0 information, 1 warning and 0 error messages.
FromELF: creating hex file...
".\Objects\car.axf" - 0 Error(s), 12 Warning(s).

<h2>Software Packages used:</h2>

Package Vendor: ARM
                http://www.keil.com/pack/ARM.CMSIS.5.8.0.pack
                ARM.CMSIS.5.8.0
                CMSIS (Common Microcontroller Software Interface Standard)
   * Component: CORE Version: 5.5.0
   * Component: DSP Variant: Source Version: 1.9.0-dev

Package Vendor: Keil
                http://www.keil.com/pack/Keil.STM32F1xx_DFP.2.4.0.pack
                Keil.STM32F1xx_DFP.2.4.0
                STMicroelectronics STM32F1 Series Device Support, Drivers and Examples
   * Component: GPIO Version: 1.3
   * Component: Startup Version: 1.0.0

<h2>Collection of Component include folders:</h2>
  .\RTE\Device\STM32F103RC
  .\RTE\_Target_1
  D:\keil5_35\Pack\ARM\CMSIS\5.8.0\CMSIS\Core\Include
  D:\keil5_35\Pack\ARM\CMSIS\5.8.0\CMSIS\DSP\Include
  D:\keil5_35\Pack\ARM\CMSIS\5.8.0\CMSIS\DSP\PrivateInclude
  D:\keil5_35\Pack\Keil\STM32F1xx_DFP\2.4.0\Device\Include
  D:\keil5_35\Pack\Keil\STM32F1xx_DFP\2.4.0\RTE_Driver

<h2>Collection of Component Files used:</h2>

   * Component: ARM::CMSIS:CORE:5.5.0

   * Component: ARM::CMSIS:DSP:Source:1.9.0-dev
      Source file:   CMSIS\DSP\Source\StatisticsFunctions\StatisticsFunctionsF16.c
      Source file:   CMSIS\DSP\Source\CommonTables\CommonTablesF16.c
      Source file:   CMSIS\DSP\Source\TransformFunctions\TransformFunctionsF16.c
      Source file:   CMSIS\DSP\Source\SupportFunctions\SupportFunctionsF16.c
      Source file:   CMSIS\DSP\Source\FastMathFunctions\FastMathFunctionsF16.c
      Source file:   CMSIS\DSP\Source\DistanceFunctions\DistanceFunctionsF16.c
      Source file:   CMSIS\DSP\Source\MatrixFunctions\MatrixFunctionsF16.c
      Source file:   CMSIS\DSP\Source\SVMFunctions\SVMFunctionsF16.c
      Source file:   CMSIS\DSP\Source\InterpolationFunctions\InterpolationFunctionsF16.c
      Source file:   CMSIS\DSP\Source\BayesFunctions\BayesFunctionsF16.c
      Include file:  CMSIS\DSP\Include\arm_common_tables_f16.h
      Include file:  CMSIS\DSP\Include\arm_const_structs_f16.h
      Include file:  CMSIS\DSP\Include\arm_math_f16.h
      Include file:  CMSIS\DSP\Include\arm_common_tables.h
      Source file:   CMSIS\DSP\Source\BayesFunctions\BayesFunctions.c
      Source file:   CMSIS\DSP\Source\ComplexMathFunctions\ComplexMathFunctions.c
      Source file:   CMSIS\DSP\Source\FilteringFunctions\FilteringFunctions.c
      Source file:   CMSIS\DSP\Source\BasicMathFunctions\BasicMathFunctions.c
      Source file:   CMSIS\DSP\Source\CommonTables\CommonTables.c
      Source file:   CMSIS\DSP\Source\ControllerFunctions\ControllerFunctions.c
      Include file:  CMSIS\DSP\Include\arm_math.h
      Include file:  CMSIS\DSP\Include\arm_const_structs.h
      Source file:   CMSIS\DSP\Source\QuaternionMathFunctions\QuaternionMathFunctions.c
      Source file:   CMSIS\DSP\Source\DistanceFunctions\DistanceFunctions.c
      Source file:   CMSIS\DSP\Source\FastMathFunctions\FastMathFunctions.c
      Source file:   CMSIS\DSP\Source\MatrixFunctions\MatrixFunctions.c
      Source file:   CMSIS\DSP\Source\BasicMathFunctions\BasicMathFunctionsF16.c
      Source file:   CMSIS\DSP\Source\ComplexMathFunctions\ComplexMathFunctionsF16.c
      Source file:   CMSIS\DSP\Source\FilteringFunctions\FilteringFunctionsF16.c
      Source file:   CMSIS\DSP\Source\StatisticsFunctions\StatisticsFunctions.c
      Source file:   CMSIS\DSP\Source\SVMFunctions\SVMFunctions.c
      Source file:   CMSIS\DSP\Source\SupportFunctions\SupportFunctions.c
      Source file:   CMSIS\DSP\Source\InterpolationFunctions\InterpolationFunctions.c
      Source file:   CMSIS\DSP\Source\TransformFunctions\TransformFunctions.c

   * Component: Keil::Device:GPIO:1.3
      Source file:   RTE_Driver\GPIO_STM32F10x.c
      Include file:  RTE_Driver\GPIO_STM32F10x.h

   * Component: Keil::Device:Startup:1.0.0
      Source file:   Device\Source\ARM\startup_stm32f10x_hd.s
      Source file:   Device\Source\system_stm32f10x.c
      Source file:   Device\Source\ARM\STM32F1xx_OPT.s
      Include file:  RTE_Driver\Config\RTE_Device.h
Build Time Elapsed:  00:00:03
</pre>
</body>
</html>
